interactions:
- request:
    body: '{}'
    headers:
      Accept:
      - application/json
      Accept-Encoding:
      - gzip, deflate
      Connection:
      - keep-alive
      Content-Length:
      - '2'
      Content-Type:
      - application/json
      User-Agent:
      - zscaler-sdk-python/1.9.13 python/3.11.8 Darwin/25.2.0
    method: GET
    uri: https://easm.test.zscaler.com/zcc/papi/public/v1/webForwardingProfile/listByCompany
  response:
    body:
      string: "[ {\n  \"id\" : \"11925\",\n  \"active\" : \"1\",\n  \"name\" : \"SGIO-Tunnel2.0\",\n
        \ \"conditionType\" : 1,\n  \"dnsServers\" : \"\",\n  \"dnsSearchDomains\"
        : \"\",\n  \"enableLWFDriver\" : \"1\",\n  \"hostname\" : \"\",\n  \"resolvedIpsForHostname\"
        : \"\",\n  \"trustedSubnets\" : \"\",\n  \"trustedGateways\" : \"\",\n  \"trustedDhcpServers\"
        : \"\",\n  \"trustedEgressIps\" : \"\",\n  \"predefinedTrustedNetworks\" :
        false,\n  \"predefinedTnAll\" : false,\n  \"forwardingProfileActions\" : [
        {\n    \"networkType\" : 1,\n    \"actionType\" : 1,\n    \"systemProxy\"
        : 0,\n    \"customPac\" : \"\",\n    \"enablePacketTunnel\" : 1,\n    \"systemProxyData\"
        : {\n      \"proxyAction\" : 1,\n      \"enableAutoDetect\" : 0,\n      \"enablePAC\"
        : 0,\n      \"pacURL\" : \"\",\n      \"enableProxyServer\" : 0,\n      \"proxyServerAddress\"
        : \"\",\n      \"proxyServerPort\" : \"0\",\n      \"bypassProxyForPrivateIP\"
        : 0,\n      \"performGPUpdate\" : 0,\n      \"pacDataPath\" : \"\"\n    },\n
        \   \"primaryTransport\" : 1,\n    \"DTLSTimeout\" : 9,\n    \"UDPTimeout\"
        : 9,\n    \"TLSTimeout\" : 5,\n    \"mtuForZadapter\" : 0,\n    \"blockUnreachableDomainsTraffic\"
        : 0,\n    \"allowTLSFallback\" : 1,\n    \"tunnel2FallbackType\" : 0,\n    \"dropIpv6Traffic\"
        : 0,\n    \"redirectWebTraffic\" : 0,\n    \"dropIpv6IncludeTrafficInT2\"
        : 0,\n    \"useTunnel2ForProxiedWebTraffic\" : 0,\n    \"useTunnel2ForUnencryptedWebTraffic\"
        : 0,\n    \"pathMtuDiscovery\" : 1,\n    \"latencyBasedZenEnablement\" : 0,\n
        \   \"zenProbeInterval\" : 60,\n    \"zenProbeSampleSize\" : 5,\n    \"zenThresholdLimit\"
        : 2,\n    \"dropIpv6TrafficInIpv6Network\" : 0\n  }, {\n    \"networkType\"
        : 2,\n    \"actionType\" : 1,\n    \"systemProxy\" : 0,\n    \"customPac\"
        : \"\",\n    \"enablePacketTunnel\" : 1,\n    \"systemProxyData\" : {\n      \"proxyAction\"
        : 1,\n      \"enableAutoDetect\" : 0,\n      \"enablePAC\" : 0,\n      \"pacURL\"
        : \"\",\n      \"enableProxyServer\" : 0,\n      \"proxyServerAddress\" :
        \"\",\n      \"proxyServerPort\" : \"0\",\n      \"bypassProxyForPrivateIP\"
        : 0,\n      \"performGPUpdate\" : 0,\n      \"pacDataPath\" : \"\"\n    },\n
        \   \"primaryTransport\" : 1,\n    \"DTLSTimeout\" : 9,\n    \"UDPTimeout\"
        : 9,\n    \"TLSTimeout\" : 5,\n    \"mtuForZadapter\" : 0,\n    \"blockUnreachableDomainsTraffic\"
        : 0,\n    \"allowTLSFallback\" : 1,\n    \"tunnel2FallbackType\" : 0,\n    \"dropIpv6Traffic\"
        : 0,\n    \"redirectWebTraffic\" : 0,\n    \"dropIpv6IncludeTrafficInT2\"
        : 0,\n    \"useTunnel2ForProxiedWebTraffic\" : 1,\n    \"useTunnel2ForUnencryptedWebTraffic\"
        : 0,\n    \"pathMtuDiscovery\" : 1,\n    \"latencyBasedZenEnablement\" : 0,\n
        \   \"zenProbeInterval\" : 60,\n    \"zenProbeSampleSize\" : 5,\n    \"zenThresholdLimit\"
        : 2,\n    \"dropIpv6TrafficInIpv6Network\" : 0\n  }, {\n    \"networkType\"
        : 0,\n    \"actionType\" : 1,\n    \"systemProxy\" : 0,\n    \"customPac\"
        : \"\",\n    \"enablePacketTunnel\" : 1,\n    \"systemProxyData\" : {\n      \"proxyAction\"
        : 1,\n      \"enableAutoDetect\" : 0,\n      \"enablePAC\" : 0,\n      \"pacURL\"
        : \"\",\n      \"enableProxyServer\" : 0,\n      \"proxyServerAddress\" :
        \"\",\n      \"proxyServerPort\" : \"0\",\n      \"bypassProxyForPrivateIP\"
        : 0,\n      \"performGPUpdate\" : 0,\n      \"pacDataPath\" : \"\"\n    },\n
        \   \"primaryTransport\" : 1,\n    \"DTLSTimeout\" : 9,\n    \"UDPTimeout\"
        : 9,\n    \"TLSTimeout\" : 5,\n    \"mtuForZadapter\" : 0,\n    \"blockUnreachableDomainsTraffic\"
        : 0,\n    \"allowTLSFallback\" : 1,\n    \"tunnel2FallbackType\" : 0,\n    \"dropIpv6Traffic\"
        : 0,\n    \"redirectWebTraffic\" : 0,\n    \"dropIpv6IncludeTrafficInT2\"
        : 0,\n    \"useTunnel2ForProxiedWebTraffic\" : 1,\n    \"useTunnel2ForUnencryptedWebTraffic\"
        : 0,\n    \"pathMtuDiscovery\" : 1,\n    \"latencyBasedZenEnablement\" : 0,\n
        \   \"zenProbeInterval\" : 60,\n    \"zenProbeSampleSize\" : 5,\n    \"zenThresholdLimit\"
        : 2,\n    \"dropIpv6TrafficInIpv6Network\" : 0\n  }, {\n    \"networkType\"
        : 3,\n    \"actionType\" : 1,\n    \"systemProxy\" : 0,\n    \"customPac\"
        : \"\",\n    \"enablePacketTunnel\" : 1,\n    \"systemProxyData\" : {\n      \"proxyAction\"
        : 1,\n      \"enableAutoDetect\" : 0,\n      \"enablePAC\" : 0,\n      \"pacURL\"
        : \"\",\n      \"enableProxyServer\" : 0,\n      \"proxyServerAddress\" :
        \"\",\n      \"proxyServerPort\" : \"0\",\n      \"bypassProxyForPrivateIP\"
        : 0,\n      \"performGPUpdate\" : 0,\n      \"pacDataPath\" : \"\"\n    },\n
        \   \"primaryTransport\" : 1,\n    \"DTLSTimeout\" : 9,\n    \"UDPTimeout\"
        : 9,\n    \"TLSTimeout\" : 5,\n    \"mtuForZadapter\" : 0,\n    \"blockUnreachableDomainsTraffic\"
        : 0,\n    \"allowTLSFallback\" : 1,\n    \"tunnel2FallbackType\" : 0,\n    \"dropIpv6Traffic\"
        : 0,\n    \"redirectWebTraffic\" : 0,\n    \"dropIpv6IncludeTrafficInT2\"
        : 0,\n    \"useTunnel2ForProxiedWebTraffic\" : 0,\n    \"useTunnel2ForUnencryptedWebTraffic\"
        : 0,\n    \"pathMtuDiscovery\" : 1,\n    \"latencyBasedZenEnablement\" : 0,\n
        \   \"zenProbeInterval\" : 60,\n    \"zenProbeSampleSize\" : 5,\n    \"zenThresholdLimit\"
        : 2,\n    \"dropIpv6TrafficInIpv6Network\" : 0\n  } ],\n  \"forwardingProfileZpaActions\"
        : [ {\n    \"networkType\" : 1,\n    \"actionType\" : 1,\n    \"primaryTransport\"
        : 0,\n    \"DTLSTimeout\" : 9,\n    \"TLSTimeout\" : 5,\n    \"mtuForZadapter\"
        : 0,\n    \"sendTrustedNetworkResultToZpa\" : 0,\n    \"partnerInfo\" : {\n
        \     \"primaryTransport\" : 2,\n      \"allowTlsFallback\" : 1,\n      \"mtuForZadapter\"
        : 0\n    },\n    \"latencyBasedZpaServerEnablement\" : 0,\n    \"lbsZpaProbeInterval\"
        : 30,\n    \"lbsZpaProbeSampleSize\" : 5,\n    \"lbsZpaThresholdLimit\" :
        1,\n    \"latencyBasedServerMTEnablement\" : 0\n  }, {\n    \"networkType\"
        : 2,\n    \"actionType\" : 1,\n    \"primaryTransport\" : 0,\n    \"DTLSTimeout\"
        : 9,\n    \"TLSTimeout\" : 5,\n    \"mtuForZadapter\" : 0,\n    \"sendTrustedNetworkResultToZpa\"
        : 0,\n    \"partnerInfo\" : {\n      \"primaryTransport\" : 2,\n      \"allowTlsFallback\"
        : 1,\n      \"mtuForZadapter\" : 0\n    },\n    \"latencyBasedZpaServerEnablement\"
        : 0,\n    \"lbsZpaProbeInterval\" : 30,\n    \"lbsZpaProbeSampleSize\" : 5,\n
        \   \"lbsZpaThresholdLimit\" : 1,\n    \"latencyBasedServerMTEnablement\"
        : 0\n  }, {\n    \"networkType\" : 0,\n    \"actionType\" : 1,\n    \"primaryTransport\"
        : 0,\n    \"DTLSTimeout\" : 9,\n    \"TLSTimeout\" : 5,\n    \"mtuForZadapter\"
        : 0,\n    \"sendTrustedNetworkResultToZpa\" : 0,\n    \"partnerInfo\" : {\n
        \     \"primaryTransport\" : 2,\n      \"allowTlsFallback\" : 1,\n      \"mtuForZadapter\"
        : 0\n    },\n    \"latencyBasedZpaServerEnablement\" : 0,\n    \"lbsZpaProbeInterval\"
        : 30,\n    \"lbsZpaProbeSampleSize\" : 5,\n    \"lbsZpaThresholdLimit\" :
        1,\n    \"latencyBasedServerMTEnablement\" : 0\n  }, {\n    \"networkType\"
        : 3,\n    \"actionType\" : 1,\n    \"primaryTransport\" : 0,\n    \"DTLSTimeout\"
        : 9,\n    \"TLSTimeout\" : 5,\n    \"mtuForZadapter\" : 0,\n    \"sendTrustedNetworkResultToZpa\"
        : 0,\n    \"partnerInfo\" : {\n      \"primaryTransport\" : 2,\n      \"allowTlsFallback\"
        : 1,\n      \"mtuForZadapter\" : 0\n    },\n    \"latencyBasedZpaServerEnablement\"
        : 0,\n    \"lbsZpaProbeInterval\" : 30,\n    \"lbsZpaProbeSampleSize\" : 5,\n
        \   \"lbsZpaThresholdLimit\" : 1,\n    \"latencyBasedServerMTEnablement\"
        : 0\n  } ],\n  \"evaluateTrustedNetwork\" : 1,\n  \"enableSplitVpnTN\" : 0,\n
        \ \"skipTrustedCriteriaMatch\" : 0\n}, {\n  \"id\" : \"0\",\n  \"active\"
        : \"1\",\n  \"name\" : \"Default\",\n  \"conditionType\" : 1,\n  \"enableLWFDriver\"
        : \"0\",\n  \"predefinedTrustedNetworks\" : false,\n  \"predefinedTnAll\"
        : false,\n  \"forwardingProfileActions\" : [ {\n    \"networkType\" : 0,\n
        \   \"actionType\" : 1,\n    \"systemProxy\" : 2,\n    \"customPac\" : \"\",\n
        \   \"enablePacketTunnel\" : 0,\n    \"systemProxyData\" : {\n      \"proxyAction\"
        : 0,\n      \"enableAutoDetect\" : 0,\n      \"enablePAC\" : 0,\n      \"pacURL\"
        : \"\",\n      \"enableProxyServer\" : 0,\n      \"proxyServerAddress\" :
        \"\",\n      \"proxyServerPort\" : \"0\",\n      \"bypassProxyForPrivateIP\"
        : 0,\n      \"performGPUpdate\" : 0,\n      \"pacDataPath\" : \"\"\n    },\n
        \   \"primaryTransport\" : 0,\n    \"DTLSTimeout\" : 0,\n    \"UDPTimeout\"
        : 0,\n    \"TLSTimeout\" : 0,\n    \"mtuForZadapter\" : 0,\n    \"blockUnreachableDomainsTraffic\"
        : 0,\n    \"allowTLSFallback\" : 1,\n    \"tunnel2FallbackType\" : 0,\n    \"dropIpv6Traffic\"
        : 0,\n    \"redirectWebTraffic\" : 0,\n    \"dropIpv6IncludeTrafficInT2\"
        : 0,\n    \"useTunnel2ForProxiedWebTraffic\" : 0,\n    \"useTunnel2ForUnencryptedWebTraffic\"
        : 0,\n    \"pathMtuDiscovery\" : 0,\n    \"latencyBasedZenEnablement\" : 0,\n
        \   \"zenProbeInterval\" : 0,\n    \"zenProbeSampleSize\" : 0,\n    \"zenThresholdLimit\"
        : 2,\n    \"dropIpv6TrafficInIpv6Network\" : 0\n  }, {\n    \"networkType\"
        : 2,\n    \"actionType\" : 1,\n    \"systemProxy\" : 2,\n    \"customPac\"
        : \"\",\n    \"enablePacketTunnel\" : 0,\n    \"systemProxyData\" : {\n      \"proxyAction\"
        : 0,\n      \"enableAutoDetect\" : 0,\n      \"enablePAC\" : 0,\n      \"pacURL\"
        : \"\",\n      \"enableProxyServer\" : 0,\n      \"proxyServerAddress\" :
        \"\",\n      \"proxyServerPort\" : \"0\",\n      \"bypassProxyForPrivateIP\"
        : 0,\n      \"performGPUpdate\" : 0,\n      \"pacDataPath\" : \"\"\n    },\n
        \   \"primaryTransport\" : 0,\n    \"DTLSTimeout\" : 0,\n    \"UDPTimeout\"
        : 0,\n    \"TLSTimeout\" : 0,\n    \"mtuForZadapter\" : 0,\n    \"blockUnreachableDomainsTraffic\"
        : 0,\n    \"allowTLSFallback\" : 1,\n    \"tunnel2FallbackType\" : 0,\n    \"dropIpv6Traffic\"
        : 0,\n    \"redirectWebTraffic\" : 0,\n    \"dropIpv6IncludeTrafficInT2\"
        : 0,\n    \"useTunnel2ForProxiedWebTraffic\" : 0,\n    \"useTunnel2ForUnencryptedWebTraffic\"
        : 0,\n    \"pathMtuDiscovery\" : 0,\n    \"latencyBasedZenEnablement\" : 0,\n
        \   \"zenProbeInterval\" : 0,\n    \"zenProbeSampleSize\" : 0,\n    \"zenThresholdLimit\"
        : 2,\n    \"dropIpv6TrafficInIpv6Network\" : 0\n  }, {\n    \"networkType\"
        : 1,\n    \"actionType\" : 3,\n    \"systemProxy\" : 0,\n    \"customPac\"
        : \"\",\n    \"enablePacketTunnel\" : 0,\n    \"systemProxyData\" : {\n      \"proxyAction\"
        : 1,\n      \"enableAutoDetect\" : 0,\n      \"enablePAC\" : 0,\n      \"pacURL\"
        : \"\",\n      \"enableProxyServer\" : 0,\n      \"proxyServerAddress\" :
        \"\",\n      \"proxyServerPort\" : \"0\",\n      \"bypassProxyForPrivateIP\"
        : 0,\n      \"performGPUpdate\" : 0,\n      \"pacDataPath\" : \"\"\n    },\n
        \   \"primaryTransport\" : 0,\n    \"DTLSTimeout\" : 0,\n    \"UDPTimeout\"
        : 0,\n    \"TLSTimeout\" : 0,\n    \"mtuForZadapter\" : 0,\n    \"blockUnreachableDomainsTraffic\"
        : 0,\n    \"allowTLSFallback\" : 1,\n    \"tunnel2FallbackType\" : 0,\n    \"dropIpv6Traffic\"
        : 0,\n    \"redirectWebTraffic\" : 0,\n    \"dropIpv6IncludeTrafficInT2\"
        : 0,\n    \"useTunnel2ForProxiedWebTraffic\" : 0,\n    \"useTunnel2ForUnencryptedWebTraffic\"
        : 0,\n    \"pathMtuDiscovery\" : 0,\n    \"latencyBasedZenEnablement\" : 0,\n
        \   \"zenProbeInterval\" : 0,\n    \"zenProbeSampleSize\" : 0,\n    \"zenThresholdLimit\"
        : 2,\n    \"dropIpv6TrafficInIpv6Network\" : 0\n  }, {\n    \"networkType\"
        : 3,\n    \"actionType\" : 1,\n    \"systemProxy\" : 2,\n    \"customPac\"
        : \"\",\n    \"enablePacketTunnel\" : 0,\n    \"systemProxyData\" : {\n      \"proxyAction\"
        : 0,\n      \"enableAutoDetect\" : 0,\n      \"enablePAC\" : 0,\n      \"pacURL\"
        : \"\",\n      \"enableProxyServer\" : 0,\n      \"proxyServerAddress\" :
        \"\",\n      \"proxyServerPort\" : \"0\",\n      \"bypassProxyForPrivateIP\"
        : 0,\n      \"performGPUpdate\" : 0,\n      \"pacDataPath\" : \"\"\n    },\n
        \   \"primaryTransport\" : 0,\n    \"DTLSTimeout\" : 0,\n    \"UDPTimeout\"
        : 0,\n    \"TLSTimeout\" : 0,\n    \"mtuForZadapter\" : 0,\n    \"blockUnreachableDomainsTraffic\"
        : 0,\n    \"allowTLSFallback\" : 1,\n    \"tunnel2FallbackType\" : 0,\n    \"dropIpv6Traffic\"
        : 0,\n    \"redirectWebTraffic\" : 0,\n    \"dropIpv6IncludeTrafficInT2\"
        : 0,\n    \"useTunnel2ForProxiedWebTraffic\" : 0,\n    \"useTunnel2ForUnencryptedWebTraffic\"
        : 0,\n    \"pathMtuDiscovery\" : 0,\n    \"latencyBasedZenEnablement\" : 0,\n
        \   \"zenProbeInterval\" : 0,\n    \"zenProbeSampleSize\" : 0,\n    \"zenThresholdLimit\"
        : 2,\n    \"dropIpv6TrafficInIpv6Network\" : 0\n  } ],\n  \"forwardingProfileZpaActions\"
        : [ {\n    \"networkType\" : 0,\n    \"actionType\" : 1,\n    \"primaryTransport\"
        : 0,\n    \"DTLSTimeout\" : 9,\n    \"TLSTimeout\" : 5,\n    \"mtuForZadapter\"
        : 0,\n    \"sendTrustedNetworkResultToZpa\" : 0,\n    \"partnerInfo\" : {\n
        \     \"primaryTransport\" : 0,\n      \"allowTlsFallback\" : 0,\n      \"mtuForZadapter\"
        : 0\n    },\n    \"latencyBasedZpaServerEnablement\" : 0,\n    \"lbsZpaProbeInterval\"
        : 0,\n    \"lbsZpaProbeSampleSize\" : 0,\n    \"lbsZpaThresholdLimit\" : 1,\n
        \   \"latencyBasedServerMTEnablement\" : 0\n  }, {\n    \"networkType\" :
        2,\n    \"actionType\" : 1,\n    \"primaryTransport\" : 0,\n    \"DTLSTimeout\"
        : 9,\n    \"TLSTimeout\" : 5,\n    \"mtuForZadapter\" : 0,\n    \"sendTrustedNetworkResultToZpa\"
        : 0,\n    \"partnerInfo\" : {\n      \"primaryTransport\" : 0,\n      \"allowTlsFallback\"
        : 0,\n      \"mtuForZadapter\" : 0\n    },\n    \"latencyBasedZpaServerEnablement\"
        : 0,\n    \"lbsZpaProbeInterval\" : 0,\n    \"lbsZpaProbeSampleSize\" : 0,\n
        \   \"lbsZpaThresholdLimit\" : 1,\n    \"latencyBasedServerMTEnablement\"
        : 0\n  }, {\n    \"networkType\" : 1,\n    \"actionType\" : 1,\n    \"primaryTransport\"
        : 0,\n    \"DTLSTimeout\" : 9,\n    \"TLSTimeout\" : 5,\n    \"mtuForZadapter\"
        : 0,\n    \"sendTrustedNetworkResultToZpa\" : 0,\n    \"partnerInfo\" : {\n
        \     \"primaryTransport\" : 0,\n      \"allowTlsFallback\" : 0,\n      \"mtuForZadapter\"
        : 0\n    },\n    \"latencyBasedZpaServerEnablement\" : 0,\n    \"lbsZpaProbeInterval\"
        : 0,\n    \"lbsZpaProbeSampleSize\" : 0,\n    \"lbsZpaThresholdLimit\" : 1,\n
        \   \"latencyBasedServerMTEnablement\" : 0\n  }, {\n    \"networkType\" :
        3,\n    \"actionType\" : 1,\n    \"primaryTransport\" : 0,\n    \"DTLSTimeout\"
        : 0,\n    \"TLSTimeout\" : 0,\n    \"mtuForZadapter\" : 0,\n    \"sendTrustedNetworkResultToZpa\"
        : 0,\n    \"partnerInfo\" : {\n      \"primaryTransport\" : 0,\n      \"allowTlsFallback\"
        : 0,\n      \"mtuForZadapter\" : 0\n    },\n    \"latencyBasedZpaServerEnablement\"
        : 0,\n    \"lbsZpaProbeInterval\" : 0,\n    \"lbsZpaProbeSampleSize\" : 0,\n
        \   \"lbsZpaThresholdLimit\" : 0,\n    \"latencyBasedServerMTEnablement\"
        : 0\n  } ],\n  \"evaluateTrustedNetwork\" : 0,\n  \"enableSplitVpnTN\" : 0,\n
        \ \"skipTrustedCriteriaMatch\" : 0\n} ]"
    headers:
      cache-control:
      - no-cache
      content-encoding:
      - gzip
      content-type:
      - application/json;charset=UTF-8
      date:
      - Wed, 11 Feb 2026 02:36:00 GMT
      pragma:
      - no-cache
      server:
      - Zscaler
      strict-transport-security:
      - max-age=31536000; includeSubDomains; preload
      transfer-encoding:
      - chunked
      vary:
      - Accept-Encoding
      x-content-type-options:
      - nosniff
      x-envoy-upstream-service-time:
      - '172'
      x-frame-options:
      - SAMEORIGIN
      x-oneapi-host:
      - https://apiusw2.zsapi.net
      x-oneapi-request-id:
      - 0a8280e5-6d98-964f-aa5b-815c8cd943a5
      x-oneapi-version:
      - 109.1.111
      x-rate-limit-remaining:
      - '93'
      x-ratelimit-limit:
      - 100, 100;w=3600, 100;w=3600
      x-ratelimit-remaining:
      - '57'
      x-ratelimit-reset:
      - '1440'
      x-transaction-id:
      - b4f2ba96-af19-4c5f-ada8-da85f767d2d4
      x-xss-protection:
      - 1; mode=block
    status:
      code: 200
      message: OK
- request:
    body: '{}'
    headers:
      Accept:
      - application/json
      Accept-Encoding:
      - gzip, deflate
      Connection:
      - keep-alive
      Content-Length:
      - '2'
      Content-Type:
      - application/json
      User-Agent:
      - zscaler-sdk-python/1.9.13 python/3.11.8 Darwin/25.2.0
    method: GET
    uri: https://easm.test.zscaler.com/zcc/papi/public/v1/webForwardingProfile/listByCompany?page=1&pageSize=10
  response:
    body:
      string: "[ {\n  \"id\" : \"11925\",\n  \"active\" : \"1\",\n  \"name\" : \"SGIO-Tunnel2.0\",\n
        \ \"conditionType\" : 1,\n  \"dnsServers\" : \"\",\n  \"dnsSearchDomains\"
        : \"\",\n  \"enableLWFDriver\" : \"1\",\n  \"hostname\" : \"\",\n  \"resolvedIpsForHostname\"
        : \"\",\n  \"trustedSubnets\" : \"\",\n  \"trustedGateways\" : \"\",\n  \"trustedDhcpServers\"
        : \"\",\n  \"trustedEgressIps\" : \"\",\n  \"predefinedTrustedNetworks\" :
        false,\n  \"predefinedTnAll\" : false,\n  \"forwardingProfileActions\" : [
        {\n    \"networkType\" : 1,\n    \"actionType\" : 1,\n    \"systemProxy\"
        : 0,\n    \"customPac\" : \"\",\n    \"enablePacketTunnel\" : 1,\n    \"systemProxyData\"
        : {\n      \"proxyAction\" : 1,\n      \"enableAutoDetect\" : 0,\n      \"enablePAC\"
        : 0,\n      \"pacURL\" : \"\",\n      \"enableProxyServer\" : 0,\n      \"proxyServerAddress\"
        : \"\",\n      \"proxyServerPort\" : \"0\",\n      \"bypassProxyForPrivateIP\"
        : 0,\n      \"performGPUpdate\" : 0,\n      \"pacDataPath\" : \"\"\n    },\n
        \   \"primaryTransport\" : 1,\n    \"DTLSTimeout\" : 9,\n    \"UDPTimeout\"
        : 9,\n    \"TLSTimeout\" : 5,\n    \"mtuForZadapter\" : 0,\n    \"blockUnreachableDomainsTraffic\"
        : 0,\n    \"allowTLSFallback\" : 1,\n    \"tunnel2FallbackType\" : 0,\n    \"dropIpv6Traffic\"
        : 0,\n    \"redirectWebTraffic\" : 0,\n    \"dropIpv6IncludeTrafficInT2\"
        : 0,\n    \"useTunnel2ForProxiedWebTraffic\" : 0,\n    \"useTunnel2ForUnencryptedWebTraffic\"
        : 0,\n    \"pathMtuDiscovery\" : 1,\n    \"latencyBasedZenEnablement\" : 0,\n
        \   \"zenProbeInterval\" : 60,\n    \"zenProbeSampleSize\" : 5,\n    \"zenThresholdLimit\"
        : 2,\n    \"dropIpv6TrafficInIpv6Network\" : 0\n  }, {\n    \"networkType\"
        : 2,\n    \"actionType\" : 1,\n    \"systemProxy\" : 0,\n    \"customPac\"
        : \"\",\n    \"enablePacketTunnel\" : 1,\n    \"systemProxyData\" : {\n      \"proxyAction\"
        : 1,\n      \"enableAutoDetect\" : 0,\n      \"enablePAC\" : 0,\n      \"pacURL\"
        : \"\",\n      \"enableProxyServer\" : 0,\n      \"proxyServerAddress\" :
        \"\",\n      \"proxyServerPort\" : \"0\",\n      \"bypassProxyForPrivateIP\"
        : 0,\n      \"performGPUpdate\" : 0,\n      \"pacDataPath\" : \"\"\n    },\n
        \   \"primaryTransport\" : 1,\n    \"DTLSTimeout\" : 9,\n    \"UDPTimeout\"
        : 9,\n    \"TLSTimeout\" : 5,\n    \"mtuForZadapter\" : 0,\n    \"blockUnreachableDomainsTraffic\"
        : 0,\n    \"allowTLSFallback\" : 1,\n    \"tunnel2FallbackType\" : 0,\n    \"dropIpv6Traffic\"
        : 0,\n    \"redirectWebTraffic\" : 0,\n    \"dropIpv6IncludeTrafficInT2\"
        : 0,\n    \"useTunnel2ForProxiedWebTraffic\" : 1,\n    \"useTunnel2ForUnencryptedWebTraffic\"
        : 0,\n    \"pathMtuDiscovery\" : 1,\n    \"latencyBasedZenEnablement\" : 0,\n
        \   \"zenProbeInterval\" : 60,\n    \"zenProbeSampleSize\" : 5,\n    \"zenThresholdLimit\"
        : 2,\n    \"dropIpv6TrafficInIpv6Network\" : 0\n  }, {\n    \"networkType\"
        : 0,\n    \"actionType\" : 1,\n    \"systemProxy\" : 0,\n    \"customPac\"
        : \"\",\n    \"enablePacketTunnel\" : 1,\n    \"systemProxyData\" : {\n      \"proxyAction\"
        : 1,\n      \"enableAutoDetect\" : 0,\n      \"enablePAC\" : 0,\n      \"pacURL\"
        : \"\",\n      \"enableProxyServer\" : 0,\n      \"proxyServerAddress\" :
        \"\",\n      \"proxyServerPort\" : \"0\",\n      \"bypassProxyForPrivateIP\"
        : 0,\n      \"performGPUpdate\" : 0,\n      \"pacDataPath\" : \"\"\n    },\n
        \   \"primaryTransport\" : 1,\n    \"DTLSTimeout\" : 9,\n    \"UDPTimeout\"
        : 9,\n    \"TLSTimeout\" : 5,\n    \"mtuForZadapter\" : 0,\n    \"blockUnreachableDomainsTraffic\"
        : 0,\n    \"allowTLSFallback\" : 1,\n    \"tunnel2FallbackType\" : 0,\n    \"dropIpv6Traffic\"
        : 0,\n    \"redirectWebTraffic\" : 0,\n    \"dropIpv6IncludeTrafficInT2\"
        : 0,\n    \"useTunnel2ForProxiedWebTraffic\" : 1,\n    \"useTunnel2ForUnencryptedWebTraffic\"
        : 0,\n    \"pathMtuDiscovery\" : 1,\n    \"latencyBasedZenEnablement\" : 0,\n
        \   \"zenProbeInterval\" : 60,\n    \"zenProbeSampleSize\" : 5,\n    \"zenThresholdLimit\"
        : 2,\n    \"dropIpv6TrafficInIpv6Network\" : 0\n  }, {\n    \"networkType\"
        : 3,\n    \"actionType\" : 1,\n    \"systemProxy\" : 0,\n    \"customPac\"
        : \"\",\n    \"enablePacketTunnel\" : 1,\n    \"systemProxyData\" : {\n      \"proxyAction\"
        : 1,\n      \"enableAutoDetect\" : 0,\n      \"enablePAC\" : 0,\n      \"pacURL\"
        : \"\",\n      \"enableProxyServer\" : 0,\n      \"proxyServerAddress\" :
        \"\",\n      \"proxyServerPort\" : \"0\",\n      \"bypassProxyForPrivateIP\"
        : 0,\n      \"performGPUpdate\" : 0,\n      \"pacDataPath\" : \"\"\n    },\n
        \   \"primaryTransport\" : 1,\n    \"DTLSTimeout\" : 9,\n    \"UDPTimeout\"
        : 9,\n    \"TLSTimeout\" : 5,\n    \"mtuForZadapter\" : 0,\n    \"blockUnreachableDomainsTraffic\"
        : 0,\n    \"allowTLSFallback\" : 1,\n    \"tunnel2FallbackType\" : 0,\n    \"dropIpv6Traffic\"
        : 0,\n    \"redirectWebTraffic\" : 0,\n    \"dropIpv6IncludeTrafficInT2\"
        : 0,\n    \"useTunnel2ForProxiedWebTraffic\" : 0,\n    \"useTunnel2ForUnencryptedWebTraffic\"
        : 0,\n    \"pathMtuDiscovery\" : 1,\n    \"latencyBasedZenEnablement\" : 0,\n
        \   \"zenProbeInterval\" : 60,\n    \"zenProbeSampleSize\" : 5,\n    \"zenThresholdLimit\"
        : 2,\n    \"dropIpv6TrafficInIpv6Network\" : 0\n  } ],\n  \"forwardingProfileZpaActions\"
        : [ {\n    \"networkType\" : 1,\n    \"actionType\" : 1,\n    \"primaryTransport\"
        : 0,\n    \"DTLSTimeout\" : 9,\n    \"TLSTimeout\" : 5,\n    \"mtuForZadapter\"
        : 0,\n    \"sendTrustedNetworkResultToZpa\" : 0,\n    \"partnerInfo\" : {\n
        \     \"primaryTransport\" : 2,\n      \"allowTlsFallback\" : 1,\n      \"mtuForZadapter\"
        : 0\n    },\n    \"latencyBasedZpaServerEnablement\" : 0,\n    \"lbsZpaProbeInterval\"
        : 30,\n    \"lbsZpaProbeSampleSize\" : 5,\n    \"lbsZpaThresholdLimit\" :
        1,\n    \"latencyBasedServerMTEnablement\" : 0\n  }, {\n    \"networkType\"
        : 2,\n    \"actionType\" : 1,\n    \"primaryTransport\" : 0,\n    \"DTLSTimeout\"
        : 9,\n    \"TLSTimeout\" : 5,\n    \"mtuForZadapter\" : 0,\n    \"sendTrustedNetworkResultToZpa\"
        : 0,\n    \"partnerInfo\" : {\n      \"primaryTransport\" : 2,\n      \"allowTlsFallback\"
        : 1,\n      \"mtuForZadapter\" : 0\n    },\n    \"latencyBasedZpaServerEnablement\"
        : 0,\n    \"lbsZpaProbeInterval\" : 30,\n    \"lbsZpaProbeSampleSize\" : 5,\n
        \   \"lbsZpaThresholdLimit\" : 1,\n    \"latencyBasedServerMTEnablement\"
        : 0\n  }, {\n    \"networkType\" : 0,\n    \"actionType\" : 1,\n    \"primaryTransport\"
        : 0,\n    \"DTLSTimeout\" : 9,\n    \"TLSTimeout\" : 5,\n    \"mtuForZadapter\"
        : 0,\n    \"sendTrustedNetworkResultToZpa\" : 0,\n    \"partnerInfo\" : {\n
        \     \"primaryTransport\" : 2,\n      \"allowTlsFallback\" : 1,\n      \"mtuForZadapter\"
        : 0\n    },\n    \"latencyBasedZpaServerEnablement\" : 0,\n    \"lbsZpaProbeInterval\"
        : 30,\n    \"lbsZpaProbeSampleSize\" : 5,\n    \"lbsZpaThresholdLimit\" :
        1,\n    \"latencyBasedServerMTEnablement\" : 0\n  }, {\n    \"networkType\"
        : 3,\n    \"actionType\" : 1,\n    \"primaryTransport\" : 0,\n    \"DTLSTimeout\"
        : 9,\n    \"TLSTimeout\" : 5,\n    \"mtuForZadapter\" : 0,\n    \"sendTrustedNetworkResultToZpa\"
        : 0,\n    \"partnerInfo\" : {\n      \"primaryTransport\" : 2,\n      \"allowTlsFallback\"
        : 1,\n      \"mtuForZadapter\" : 0\n    },\n    \"latencyBasedZpaServerEnablement\"
        : 0,\n    \"lbsZpaProbeInterval\" : 30,\n    \"lbsZpaProbeSampleSize\" : 5,\n
        \   \"lbsZpaThresholdLimit\" : 1,\n    \"latencyBasedServerMTEnablement\"
        : 0\n  } ],\n  \"evaluateTrustedNetwork\" : 1,\n  \"enableSplitVpnTN\" : 0,\n
        \ \"skipTrustedCriteriaMatch\" : 0\n}, {\n  \"id\" : \"0\",\n  \"active\"
        : \"1\",\n  \"name\" : \"Default\",\n  \"conditionType\" : 1,\n  \"enableLWFDriver\"
        : \"0\",\n  \"predefinedTrustedNetworks\" : false,\n  \"predefinedTnAll\"
        : false,\n  \"forwardingProfileActions\" : [ {\n    \"networkType\" : 0,\n
        \   \"actionType\" : 1,\n    \"systemProxy\" : 2,\n    \"customPac\" : \"\",\n
        \   \"enablePacketTunnel\" : 0,\n    \"systemProxyData\" : {\n      \"proxyAction\"
        : 0,\n      \"enableAutoDetect\" : 0,\n      \"enablePAC\" : 0,\n      \"pacURL\"
        : \"\",\n      \"enableProxyServer\" : 0,\n      \"proxyServerAddress\" :
        \"\",\n      \"proxyServerPort\" : \"0\",\n      \"bypassProxyForPrivateIP\"
        : 0,\n      \"performGPUpdate\" : 0,\n      \"pacDataPath\" : \"\"\n    },\n
        \   \"primaryTransport\" : 0,\n    \"DTLSTimeout\" : 0,\n    \"UDPTimeout\"
        : 0,\n    \"TLSTimeout\" : 0,\n    \"mtuForZadapter\" : 0,\n    \"blockUnreachableDomainsTraffic\"
        : 0,\n    \"allowTLSFallback\" : 1,\n    \"tunnel2FallbackType\" : 0,\n    \"dropIpv6Traffic\"
        : 0,\n    \"redirectWebTraffic\" : 0,\n    \"dropIpv6IncludeTrafficInT2\"
        : 0,\n    \"useTunnel2ForProxiedWebTraffic\" : 0,\n    \"useTunnel2ForUnencryptedWebTraffic\"
        : 0,\n    \"pathMtuDiscovery\" : 0,\n    \"latencyBasedZenEnablement\" : 0,\n
        \   \"zenProbeInterval\" : 0,\n    \"zenProbeSampleSize\" : 0,\n    \"zenThresholdLimit\"
        : 2,\n    \"dropIpv6TrafficInIpv6Network\" : 0\n  }, {\n    \"networkType\"
        : 2,\n    \"actionType\" : 1,\n    \"systemProxy\" : 2,\n    \"customPac\"
        : \"\",\n    \"enablePacketTunnel\" : 0,\n    \"systemProxyData\" : {\n      \"proxyAction\"
        : 0,\n      \"enableAutoDetect\" : 0,\n      \"enablePAC\" : 0,\n      \"pacURL\"
        : \"\",\n      \"enableProxyServer\" : 0,\n      \"proxyServerAddress\" :
        \"\",\n      \"proxyServerPort\" : \"0\",\n      \"bypassProxyForPrivateIP\"
        : 0,\n      \"performGPUpdate\" : 0,\n      \"pacDataPath\" : \"\"\n    },\n
        \   \"primaryTransport\" : 0,\n    \"DTLSTimeout\" : 0,\n    \"UDPTimeout\"
        : 0,\n    \"TLSTimeout\" : 0,\n    \"mtuForZadapter\" : 0,\n    \"blockUnreachableDomainsTraffic\"
        : 0,\n    \"allowTLSFallback\" : 1,\n    \"tunnel2FallbackType\" : 0,\n    \"dropIpv6Traffic\"
        : 0,\n    \"redirectWebTraffic\" : 0,\n    \"dropIpv6IncludeTrafficInT2\"
        : 0,\n    \"useTunnel2ForProxiedWebTraffic\" : 0,\n    \"useTunnel2ForUnencryptedWebTraffic\"
        : 0,\n    \"pathMtuDiscovery\" : 0,\n    \"latencyBasedZenEnablement\" : 0,\n
        \   \"zenProbeInterval\" : 0,\n    \"zenProbeSampleSize\" : 0,\n    \"zenThresholdLimit\"
        : 2,\n    \"dropIpv6TrafficInIpv6Network\" : 0\n  }, {\n    \"networkType\"
        : 1,\n    \"actionType\" : 3,\n    \"systemProxy\" : 0,\n    \"customPac\"
        : \"\",\n    \"enablePacketTunnel\" : 0,\n    \"systemProxyData\" : {\n      \"proxyAction\"
        : 1,\n      \"enableAutoDetect\" : 0,\n      \"enablePAC\" : 0,\n      \"pacURL\"
        : \"\",\n      \"enableProxyServer\" : 0,\n      \"proxyServerAddress\" :
        \"\",\n      \"proxyServerPort\" : \"0\",\n      \"bypassProxyForPrivateIP\"
        : 0,\n      \"performGPUpdate\" : 0,\n      \"pacDataPath\" : \"\"\n    },\n
        \   \"primaryTransport\" : 0,\n    \"DTLSTimeout\" : 0,\n    \"UDPTimeout\"
        : 0,\n    \"TLSTimeout\" : 0,\n    \"mtuForZadapter\" : 0,\n    \"blockUnreachableDomainsTraffic\"
        : 0,\n    \"allowTLSFallback\" : 1,\n    \"tunnel2FallbackType\" : 0,\n    \"dropIpv6Traffic\"
        : 0,\n    \"redirectWebTraffic\" : 0,\n    \"dropIpv6IncludeTrafficInT2\"
        : 0,\n    \"useTunnel2ForProxiedWebTraffic\" : 0,\n    \"useTunnel2ForUnencryptedWebTraffic\"
        : 0,\n    \"pathMtuDiscovery\" : 0,\n    \"latencyBasedZenEnablement\" : 0,\n
        \   \"zenProbeInterval\" : 0,\n    \"zenProbeSampleSize\" : 0,\n    \"zenThresholdLimit\"
        : 2,\n    \"dropIpv6TrafficInIpv6Network\" : 0\n  }, {\n    \"networkType\"
        : 3,\n    \"actionType\" : 1,\n    \"systemProxy\" : 2,\n    \"customPac\"
        : \"\",\n    \"enablePacketTunnel\" : 0,\n    \"systemProxyData\" : {\n      \"proxyAction\"
        : 0,\n      \"enableAutoDetect\" : 0,\n      \"enablePAC\" : 0,\n      \"pacURL\"
        : \"\",\n      \"enableProxyServer\" : 0,\n      \"proxyServerAddress\" :
        \"\",\n      \"proxyServerPort\" : \"0\",\n      \"bypassProxyForPrivateIP\"
        : 0,\n      \"performGPUpdate\" : 0,\n      \"pacDataPath\" : \"\"\n    },\n
        \   \"primaryTransport\" : 0,\n    \"DTLSTimeout\" : 0,\n    \"UDPTimeout\"
        : 0,\n    \"TLSTimeout\" : 0,\n    \"mtuForZadapter\" : 0,\n    \"blockUnreachableDomainsTraffic\"
        : 0,\n    \"allowTLSFallback\" : 1,\n    \"tunnel2FallbackType\" : 0,\n    \"dropIpv6Traffic\"
        : 0,\n    \"redirectWebTraffic\" : 0,\n    \"dropIpv6IncludeTrafficInT2\"
        : 0,\n    \"useTunnel2ForProxiedWebTraffic\" : 0,\n    \"useTunnel2ForUnencryptedWebTraffic\"
        : 0,\n    \"pathMtuDiscovery\" : 0,\n    \"latencyBasedZenEnablement\" : 0,\n
        \   \"zenProbeInterval\" : 0,\n    \"zenProbeSampleSize\" : 0,\n    \"zenThresholdLimit\"
        : 2,\n    \"dropIpv6TrafficInIpv6Network\" : 0\n  } ],\n  \"forwardingProfileZpaActions\"
        : [ {\n    \"networkType\" : 0,\n    \"actionType\" : 1,\n    \"primaryTransport\"
        : 0,\n    \"DTLSTimeout\" : 9,\n    \"TLSTimeout\" : 5,\n    \"mtuForZadapter\"
        : 0,\n    \"sendTrustedNetworkResultToZpa\" : 0,\n    \"partnerInfo\" : {\n
        \     \"primaryTransport\" : 0,\n      \"allowTlsFallback\" : 0,\n      \"mtuForZadapter\"
        : 0\n    },\n    \"latencyBasedZpaServerEnablement\" : 0,\n    \"lbsZpaProbeInterval\"
        : 0,\n    \"lbsZpaProbeSampleSize\" : 0,\n    \"lbsZpaThresholdLimit\" : 1,\n
        \   \"latencyBasedServerMTEnablement\" : 0\n  }, {\n    \"networkType\" :
        2,\n    \"actionType\" : 1,\n    \"primaryTransport\" : 0,\n    \"DTLSTimeout\"
        : 9,\n    \"TLSTimeout\" : 5,\n    \"mtuForZadapter\" : 0,\n    \"sendTrustedNetworkResultToZpa\"
        : 0,\n    \"partnerInfo\" : {\n      \"primaryTransport\" : 0,\n      \"allowTlsFallback\"
        : 0,\n      \"mtuForZadapter\" : 0\n    },\n    \"latencyBasedZpaServerEnablement\"
        : 0,\n    \"lbsZpaProbeInterval\" : 0,\n    \"lbsZpaProbeSampleSize\" : 0,\n
        \   \"lbsZpaThresholdLimit\" : 1,\n    \"latencyBasedServerMTEnablement\"
        : 0\n  }, {\n    \"networkType\" : 1,\n    \"actionType\" : 1,\n    \"primaryTransport\"
        : 0,\n    \"DTLSTimeout\" : 9,\n    \"TLSTimeout\" : 5,\n    \"mtuForZadapter\"
        : 0,\n    \"sendTrustedNetworkResultToZpa\" : 0,\n    \"partnerInfo\" : {\n
        \     \"primaryTransport\" : 0,\n      \"allowTlsFallback\" : 0,\n      \"mtuForZadapter\"
        : 0\n    },\n    \"latencyBasedZpaServerEnablement\" : 0,\n    \"lbsZpaProbeInterval\"
        : 0,\n    \"lbsZpaProbeSampleSize\" : 0,\n    \"lbsZpaThresholdLimit\" : 1,\n
        \   \"latencyBasedServerMTEnablement\" : 0\n  }, {\n    \"networkType\" :
        3,\n    \"actionType\" : 1,\n    \"primaryTransport\" : 0,\n    \"DTLSTimeout\"
        : 0,\n    \"TLSTimeout\" : 0,\n    \"mtuForZadapter\" : 0,\n    \"sendTrustedNetworkResultToZpa\"
        : 0,\n    \"partnerInfo\" : {\n      \"primaryTransport\" : 0,\n      \"allowTlsFallback\"
        : 0,\n      \"mtuForZadapter\" : 0\n    },\n    \"latencyBasedZpaServerEnablement\"
        : 0,\n    \"lbsZpaProbeInterval\" : 0,\n    \"lbsZpaProbeSampleSize\" : 0,\n
        \   \"lbsZpaThresholdLimit\" : 0,\n    \"latencyBasedServerMTEnablement\"
        : 0\n  } ],\n  \"evaluateTrustedNetwork\" : 0,\n  \"enableSplitVpnTN\" : 0,\n
        \ \"skipTrustedCriteriaMatch\" : 0\n} ]"
    headers:
      cache-control:
      - no-cache
      content-encoding:
      - gzip
      content-type:
      - application/json;charset=UTF-8
      date:
      - Wed, 11 Feb 2026 02:36:00 GMT
      pragma:
      - no-cache
      server:
      - Zscaler
      strict-transport-security:
      - max-age=31536000; includeSubDomains; preload
      transfer-encoding:
      - chunked
      vary:
      - Accept-Encoding
      x-content-type-options:
      - nosniff
      x-envoy-upstream-service-time:
      - '158'
      x-frame-options:
      - SAMEORIGIN
      x-oneapi-host:
      - https://apiusw2.zsapi.net
      x-oneapi-request-id:
      - cac6ec46-fbbb-9bae-af2a-9545362a4bd9
      x-oneapi-version:
      - 109.1.111
      x-rate-limit-remaining:
      - '95'
      x-ratelimit-limit:
      - 100, 100;w=3600, 100;w=3600
      x-ratelimit-remaining:
      - '56'
      x-ratelimit-reset:
      - '1440'
      x-transaction-id:
      - b4f2ba96-af19-4c5f-ada8-da85f767d2d4
      x-xss-protection:
      - 1; mode=block
    status:
      code: 200
      message: OK
- request:
    body: '{}'
    headers:
      Accept:
      - application/json
      Accept-Encoding:
      - gzip, deflate
      Connection:
      - keep-alive
      Content-Length:
      - '2'
      Content-Type:
      - application/json
      User-Agent:
      - zscaler-sdk-python/1.9.13 python/3.11.8 Darwin/25.2.0
    method: GET
    uri: https://easm.test.zscaler.com/zcc/papi/public/v1/webForwardingProfile/listByCompany?search=test
  response:
    body:
      string: '[ ]'
    headers:
      cache-control:
      - no-cache
      content-encoding:
      - gzip
      content-type:
      - application/json;charset=UTF-8
      date:
      - Wed, 11 Feb 2026 02:36:01 GMT
      pragma:
      - no-cache
      server:
      - Zscaler
      strict-transport-security:
      - max-age=31536000; includeSubDomains; preload
      transfer-encoding:
      - chunked
      vary:
      - Accept-Encoding
      x-content-type-options:
      - nosniff
      x-envoy-upstream-service-time:
      - '382'
      x-frame-options:
      - SAMEORIGIN
      x-oneapi-host:
      - https://apiusw2.zsapi.net
      x-oneapi-request-id:
      - 402bedf8-c889-97e8-9542-3a083dccd882
      x-oneapi-version:
      - 109.1.111
      x-rate-limit-remaining:
      - '94'
      x-ratelimit-limit:
      - 100, 100;w=3600, 100;w=3600
      x-ratelimit-remaining:
      - '55'
      x-ratelimit-reset:
      - '1440'
      x-transaction-id:
      - b4f2ba96-af19-4c5f-ada8-da85f767d2d4
      x-xss-protection:
      - 1; mode=block
    status:
      code: 200
      message: OK
version: 1
