interactions:
- request:
    body: '{}'
    headers:
      Accept:
      - application/json
      Accept-Encoding:
      - gzip, deflate
      Connection:
      - keep-alive
      Content-Length:
      - '2'
      Content-Type:
      - application/json
      User-Agent:
      - zscaler-sdk-python/1.9.12 python/3.11.8 Darwin/24.6.0
    method: GET
    uri: https://api.beta.zsapi.net/zia/api/v1/sslInspectionRules
  response:
    body:
      string: '[{"id":186637,"accessControl":"READ_WRITE","name":"Zscaler Recommended
        Exemptions","order":4,"rank":7,"roadWarriorForKerberos":false,"urlCategories":["GLOBAL_INT_GBL_SSL_BYPASS"],"action":{"type":"DO_NOT_DECRYPT","doNotDecryptSubActions":{"bypassOtherPolicies":true,"ocspCheck":false,"blockSslTrafficWithNoSniEnabled":false},"showEUN":false,"showEUNATP":false,"overrideDefaultCertificate":false},"state":"ENABLED","description":"Zscaler
        Recommended Exemptions Rule created during the company creation","lastModifiedTime":1760069005,"lastModifiedBy":{"id":19474996,"name":"REDACTED"},"predefined":true,"defaultRule":false},{"id":186638,"accessControl":"READ_WRITE","name":"Office
        365 One Click","order":5,"rank":7,"roadWarriorForKerberos":false,"urlCategories":["GLOBAL_INT_OFC_SSL_BYPASS"],"action":{"type":"DO_NOT_DECRYPT","doNotDecryptSubActions":{"bypassOtherPolicies":true,"ocspCheck":false,"blockSslTrafficWithNoSniEnabled":false},"showEUN":false,"showEUNATP":false,"overrideDefaultCertificate":false},"state":"ENABLED","lastModifiedTime":1760069005,"lastModifiedBy":{"id":19474996,"name":"REDACTED"},"predefined":true,"defaultRule":false},{"id":186639,"accessControl":"READ_WRITE","name":"Default
        SSL_TLS Inspection Rule","order":-1,"rank":7,"roadWarriorForKerberos":false,"action":{"type":"DO_NOT_DECRYPT","doNotDecryptSubActions":{"bypassOtherPolicies":false,"serverCertificates":"ALLOW","ocspCheck":false,"minTLSVersion":"SERVER_TLS_1_0","blockSslTrafficWithNoSniEnabled":false},"showEUN":false,"showEUNATP":false,"overrideDefaultCertificate":false},"state":"ENABLED","description":"Default
        SSL_TLS Inspection Rule created during the company creation","lastModifiedTime":1619562599,"predefined":false,"defaultRule":true},{"id":331318,"accessControl":"READ_WRITE","name":"Office365
        Inspection","order":3,"rank":7,"roadWarriorForKerberos":false,"urlCategories":["GLOBAL_INT_OFC365_OPTIMIZE","GLOBAL_INT_OFC365_ALLOW","GLOBAL_INT_OFC365_DEFAULT"],"cloudApplications":["SHAREPOINTONLINE","ONEDRIVE"],"action":{"type":"DECRYPT","decryptSubActions":{"serverCertificates":"BLOCK","ocspCheck":true,"minClientTLSVersion":"CLIENT_TLS_1_0","minServerTLSVersion":"SERVER_TLS_1_0","blockUndecrypt":false,"http2Enabled":true,"blockSslTrafficWithNoSniEnabled":false},"showEUN":false,"showEUNATP":false,"overrideDefaultCertificate":false},"state":"ENABLED","lastModifiedTime":1760069005,"lastModifiedBy":{"id":19474996,"name":"REDACTED"},"predefined":false,"defaultRule":false},{"id":331320,"accessControl":"READ_WRITE","name":"Inspect
        Remote Users","order":2,"rank":7,"locations":[{"id":23712563,"name":"Vancouver01"}],"roadWarriorForKerberos":false,"action":{"type":"DECRYPT","decryptSubActions":{"serverCertificates":"BLOCK","ocspCheck":true,"minClientTLSVersion":"CLIENT_TLS_1_0","minServerTLSVersion":"SERVER_TLS_1_0","blockUndecrypt":false,"http2Enabled":true,"blockSslTrafficWithNoSniEnabled":false},"showEUN":false,"showEUNATP":false,"overrideDefaultCertificate":false},"state":"ENABLED","description":"(Auto-generated)
        Inspect remote user traffic.","lastModifiedTime":1760069057,"lastModifiedBy":{"id":19474996,"name":"REDACTED"},"predefined":false,"defaultRule":false},{"id":748324,"accessControl":"READ_WRITE","name":"UCaaS
        One Click","order":6,"rank":7,"roadWarriorForKerberos":false,"cloudApplications":["LOGMEIN","WEBEX_LOGIN_SERVICES","CISCO_WEBEX_MEETING_CENTER","RINGCENTRAL","WEBEX","WEBEX_TEAMS","WEBEX_CONNECT","ZOOM"],"action":{"type":"DO_NOT_DECRYPT","doNotDecryptSubActions":{"bypassOtherPolicies":true,"ocspCheck":false,"blockSslTrafficWithNoSniEnabled":false},"showEUN":false,"showEUNATP":false,"overrideDefaultCertificate":false},"state":"ENABLED","lastModifiedTime":1760069005,"lastModifiedBy":{"id":19474996,"name":"REDACTED"},"predefined":true,"defaultRule":false},{"id":1047941,"accessControl":"READ_WRITE","name":"SSL
        Inspection Rule","order":1,"rank":7,"locations":[{"id":23712563,"name":"Vancouver01"}],"roadWarriorForKerberos":false,"action":{"type":"DO_NOT_DECRYPT","doNotDecryptSubActions":{"bypassOtherPolicies":false,"serverCertificates":"ALLOW","ocspCheck":false,"minTLSVersion":"SERVER_TLS_1_0","blockSslTrafficWithNoSniEnabled":false},"showEUN":false,"showEUNATP":false,"overrideDefaultCertificate":false},"state":"ENABLED","description":"Give
        a useful description","lastModifiedTime":1760070865,"lastModifiedBy":{"id":19474996,"name":"REDACTED"},"predefined":false,"defaultRule":false}]'
    headers:
      cache-control:
      - no-store, no-cache
      content-disposition:
      - attachment; filename="api.json"
      content-encoding:
      - gzip
      content-security-policy:
      - 'default-src ''none''; img-src ''self'' data: https://www.zscaler.com https://www.zscaler.fr
        https://a.tile.openstreetmap.org                 https://b.tile.openstreetmap.org
        https://c.tile.openstreetmap.org                 https://webapi.zscaler.com
        https://cdn.zscaler.com https://server.arcgisonline.com                 https://fast.wistia.com
        https://cms.zscaler.com; script-src ''self'' ''unsafe-eval'' https://*.userpilot.io
        https://webapi.zscaler.com/                 https://www.zscaler.com/api/admin-ui-messages/
        https://webapi.zscaler.com/                 https://fast.wistia.com; style-src
        ''unsafe-inline'' https:; font-src ''self''; connect-src ''self'' https://*.userpilot.io
        wss://analytex-us.userpilot.io; frame-src ''self'' https://help.zscaler.com/
        https://help.zscalergov.net https://help.zscaler.us; manifest-src ''self'''
      content-type:
      - application/json
      date:
      - Fri, 19 Dec 2025 21:41:36 GMT
      server:
      - Zscaler
      strict-transport-security:
      - max-age=31536000; includeSubDomains; preload
      vary:
      - accept-encoding, Accept-Encoding
      x-content-type-options:
      - nosniff
      x-envoy-upstream-service-time:
      - '2069'
      x-frame-options:
      - SAMEORIGIN
      x-oneapi-host:
      - https://apiusw2.beta.zsapi.net
      x-oneapi-request-id:
      - b70ffd9b-8536-9968-b30e-106827d3ab9f
      x-oneapi-version:
      - 109.1.92
      x-ratelimit-limit:
      - 5000, 5000;w=60
      x-ratelimit-remaining:
      - '4991'
      x-ratelimit-reset:
      - '26'
      x-transaction-id:
      - 19b0f2dc-5035-4442-985b-15e99077715b
      x-xss-protection:
      - 1; mode=block
      x-zscaler-mode:
      - read-write
    status:
      code: 200
      message: OK
- request:
    body: '{}'
    headers:
      Accept:
      - application/json
      Accept-Encoding:
      - gzip, deflate
      Connection:
      - keep-alive
      Content-Length:
      - '2'
      Content-Type:
      - application/json
      User-Agent:
      - zscaler-sdk-python/1.9.12 python/3.11.8 Darwin/24.6.0
    method: GET
    uri: https://api.beta.zsapi.net/zia/api/v1/sslInspectionRules/186637
  response:
    body:
      string: '{"id":186637,"accessControl":"READ_WRITE","name":"Zscaler Recommended
        Exemptions","order":4,"rank":7,"roadWarriorForKerberos":false,"urlCategories":["GLOBAL_INT_GBL_SSL_BYPASS"],"action":{"type":"DO_NOT_DECRYPT","doNotDecryptSubActions":{"bypassOtherPolicies":true,"ocspCheck":false,"blockSslTrafficWithNoSniEnabled":false},"showEUN":false,"showEUNATP":false,"overrideDefaultCertificate":false},"state":"ENABLED","description":"Zscaler
        Recommended Exemptions Rule created during the company creation","lastModifiedTime":1760069005,"lastModifiedBy":{"id":19474996,"name":"REDACTED"},"predefined":true,"defaultRule":false}'
    headers:
      cache-control:
      - no-store, no-cache
      content-disposition:
      - attachment; filename="api.json"
      content-encoding:
      - gzip
      content-security-policy:
      - 'default-src ''none''; img-src ''self'' data: https://www.zscaler.com https://www.zscaler.fr
        https://a.tile.openstreetmap.org                 https://b.tile.openstreetmap.org
        https://c.tile.openstreetmap.org                 https://webapi.zscaler.com
        https://cdn.zscaler.com https://server.arcgisonline.com                 https://fast.wistia.com
        https://cms.zscaler.com; script-src ''self'' ''unsafe-eval'' https://*.userpilot.io
        https://webapi.zscaler.com/                 https://www.zscaler.com/api/admin-ui-messages/
        https://webapi.zscaler.com/                 https://fast.wistia.com; style-src
        ''unsafe-inline'' https:; font-src ''self''; connect-src ''self'' https://*.userpilot.io
        wss://analytex-us.userpilot.io; frame-src ''self'' https://help.zscaler.com/
        https://help.zscalergov.net https://help.zscaler.us; manifest-src ''self'''
      content-type:
      - application/json
      date:
      - Fri, 19 Dec 2025 21:41:38 GMT
      server:
      - Zscaler
      strict-transport-security:
      - max-age=31536000; includeSubDomains; preload
      vary:
      - Accept-Encoding
      x-content-type-options:
      - nosniff
      x-envoy-upstream-service-time:
      - '1312'
      x-frame-options:
      - SAMEORIGIN
      x-oneapi-host:
      - https://apiusw2.beta.zsapi.net
      x-oneapi-request-id:
      - e7ea9021-ef03-962c-9a25-2adf30648a21
      x-oneapi-version:
      - 109.1.92
      x-ratelimit-limit:
      - 5000, 5000;w=60
      x-ratelimit-remaining:
      - '4990'
      x-ratelimit-reset:
      - '24'
      x-transaction-id:
      - 19b0f2dc-5035-4442-985b-15e99077715b
      x-xss-protection:
      - 1; mode=block
      x-zscaler-mode:
      - read-write
    status:
      code: 200
      message: OK
- request:
    body: grant_type=client_credentials&client_id=iplmcq3k7060d&client_secret=REDACTED&audience=https%3A%2F%2Fapi.zscaler.com
    headers:
      Accept:
      - application/json
      Accept-Encoding:
      - gzip, deflate
      Connection:
      - keep-alive
      Content-Length:
      - '143'
      Content-Type:
      - application/x-www-form-urlencoded
      User-Agent:
      - zscaler-sdk-python/1.9.12 python/3.11.8 Darwin/24.6.0
    method: POST
    uri: https://securitygeekio.zsloginbeta.net/oauth2/v1/token
  response:
    body:
      string: '{"access_token":"REDACTED_TOKEN","token_type":"Bearer","expires_in":86399}'
    headers:
      cache-control:
      - no-cache, no-store, max-age=0, must-revalidate
      content-security-policy:
      - 'default-src ''none'' ;connect-src  https://securitygeekio.zsloginbeta.net/;font-src
        https://fonts.gstatic.com ;img-src data: https://www.zscaler.com https://info.zscaler.com
        ;script-src ''unsafe-inline'' ''unsafe-eval'' https://www.zscaler.com ;style-src
        ''unsafe-inline'' https://fonts.googleapis.com ;frame-src  https://securitygeekio.zsloginbeta.net/
        https://securitygeekio-admin.zsloginbeta.net/;frame-ancestors  ;upgrade-insecure-requests'
      content-type:
      - application/json;charset=UTF-8
      date:
      - Sat, 20 Dec 2025 05:55:48 GMT
      expires:
      - '0'
      pragma:
      - no-cache
      server:
      - ingress-gateway
      strict-transport-security:
      - max-age=31536000; includeSubDomains; preload
      - max-age=31536000; includeSubDomains;
      - max-age=31536000; includeSubDomains;
      transfer-encoding:
      - chunked
      x-content-type-options:
      - nosniff
      - nosniff
      - nosniff
      x-frame-options:
      - DENY
      - SAMEORIGIN
      - SAMEORIGIN
      x-ratelimit-limit:
      - 150, 150;w=1, 10000;w=60, 10000;w=60
      x-ratelimit-remaining:
      - '149'
      x-ratelimit-reset:
      - '1'
      x-xss-protection:
      - '0'
    status:
      code: 200
      message: OK
- request:
    body: '{"name": "TestSSLRule_VCR", "description": "Test SSL inspection rule for
      VCR", "order": 1, "rank": 7, "action": "INSPECT", "roadWarriorForKerberos":
      false, "state": "ENABLED"}'
    headers:
      Accept:
      - application/json
      Accept-Encoding:
      - gzip, deflate
      Connection:
      - keep-alive
      Content-Length:
      - '175'
      Content-Type:
      - application/json
      User-Agent:
      - zscaler-sdk-python/1.9.12 python/3.11.8 Darwin/24.6.0
    method: POST
    uri: https://api.beta.zsapi.net/zia/api/v1/sslInspectionRules
  response:
    body:
      string: '{"message":"Request body is invalid."}'
    headers:
      cache-control:
      - no-store, no-cache
      content-disposition:
      - attachment; filename="api.json"
      content-length:
      - '38'
      content-security-policy:
      - 'default-src ''none''; img-src ''self'' data: https://www.zscaler.com https://www.zscaler.fr
        https://a.tile.openstreetmap.org                 https://b.tile.openstreetmap.org
        https://c.tile.openstreetmap.org                 https://webapi.zscaler.com
        https://cdn.zscaler.com https://server.arcgisonline.com                 https://fast.wistia.com
        https://cms.zscaler.com; script-src ''self'' ''unsafe-eval'' https://*.userpilot.io
        https://webapi.zscaler.com/                 https://www.zscaler.com/api/admin-ui-messages/
        https://webapi.zscaler.com/                 https://fast.wistia.com; style-src
        ''unsafe-inline'' https:; font-src ''self''; connect-src ''self'' https://*.userpilot.io
        wss://analytex-us.userpilot.io; frame-src ''self'' https://help.zscaler.com/
        https://help.zscalergov.net https://help.zscaler.us; manifest-src ''self'''
      content-type:
      - application/json
      date:
      - Sat, 20 Dec 2025 05:55:51 GMT
      server:
      - Zscaler
      strict-transport-security:
      - max-age=31536000; includeSubDomains; preload
      x-content-type-options:
      - nosniff
      x-envoy-upstream-service-time:
      - '2472'
      x-frame-options:
      - SAMEORIGIN
      x-oneapi-host:
      - https://apiusw2.beta.zsapi.net
      x-oneapi-request-id:
      - a12de62c-3caf-91ad-a128-df14fdb047c8
      x-oneapi-version:
      - 109.1.92
      x-ratelimit-limit:
      - 5000, 5000;w=60
      x-ratelimit-remaining:
      - '4999'
      x-ratelimit-reset:
      - '11'
      x-transaction-id:
      - 7cda419a-3d0c-4805-ab19-3ba408eefb05
      x-xss-protection:
      - 1; mode=block
      x-zscaler-mode:
      - read-write
    status:
      code: 400
      message: Bad Request
version: 1
