interactions:
- request:
    body: '{}'
    headers:
      Accept:
      - application/json
      Accept-Encoding:
      - gzip, deflate
      Connection:
      - keep-alive
      Content-Length:
      - '2'
      Content-Type:
      - application/json
      User-Agent:
      - zscaler-sdk-python/1.9.12 python/3.11.8 Darwin/24.6.0
    method: GET
    uri: https://api.beta.zsapi.net/zia/api/v1/ipv6config
  response:
    body:
      string: '{"ipV6Enabled":true}'
    headers:
      cache-control:
      - no-store, no-cache
      content-disposition:
      - attachment; filename="api.json"
      content-length:
      - '20'
      content-security-policy:
      - 'default-src ''none''; img-src ''self'' data: https://www.zscaler.com https://www.zscaler.fr
        https://a.tile.openstreetmap.org                 https://b.tile.openstreetmap.org
        https://c.tile.openstreetmap.org                 https://webapi.zscaler.com
        https://cdn.zscaler.com https://server.arcgisonline.com                 https://fast.wistia.com
        https://cms.zscaler.com; script-src ''self'' ''unsafe-eval'' https://*.userpilot.io
        https://webapi.zscaler.com/                 https://www.zscaler.com/api/admin-ui-messages/
        https://webapi.zscaler.com/                 https://fast.wistia.com; style-src
        ''unsafe-inline'' https:; font-src ''self''; connect-src ''self'' https://*.userpilot.io
        wss://analytex-us.userpilot.io; frame-src ''self'' https://help.zscaler.com/
        https://help.zscalergov.net https://help.zscaler.us; manifest-src ''self'''
      content-type:
      - application/json
      date:
      - Fri, 19 Dec 2025 22:00:39 GMT
      server:
      - Zscaler
      strict-transport-security:
      - max-age=31536000; includeSubDomains; preload
      x-content-type-options:
      - nosniff
      x-envoy-upstream-service-time:
      - '201'
      x-frame-options:
      - SAMEORIGIN
      x-oneapi-host:
      - https://apiusw2.beta.zsapi.net
      x-oneapi-request-id:
      - d48394a1-f815-9de3-81b7-063bd8360ce2
      x-oneapi-version:
      - 109.1.92
      x-ratelimit-limit:
      - 5000, 5000;w=60
      x-ratelimit-remaining:
      - '4989'
      x-ratelimit-reset:
      - '21'
      x-transaction-id:
      - bd9e71b3-eb18-4579-b840-8ed4310e9a89
      x-xss-protection:
      - 1; mode=block
      x-zscaler-mode:
      - read-write
    status:
      code: 200
      message: OK
- request:
    body: '{}'
    headers:
      Accept:
      - application/json
      Accept-Encoding:
      - gzip, deflate
      Connection:
      - keep-alive
      Content-Length:
      - '2'
      Content-Type:
      - application/json
      User-Agent:
      - zscaler-sdk-python/1.9.12 python/3.11.8 Darwin/24.6.0
    method: GET
    uri: https://api.beta.zsapi.net/zia/api/v1/ipv6config/dns64prefix
  response:
    body:
      string: '[{"id":1323092,"name":"NAT64Prefix01","description":"NAT64Prefix01","prefixMask":"2001:db8:122:300::/56","dnsPrefix":true,"nonEditable":false}]'
    headers:
      cache-control:
      - no-store, no-cache
      content-disposition:
      - attachment; filename="api.json"
      content-encoding:
      - gzip
      content-security-policy:
      - 'default-src ''none''; img-src ''self'' data: https://www.zscaler.com https://www.zscaler.fr
        https://a.tile.openstreetmap.org                 https://b.tile.openstreetmap.org
        https://c.tile.openstreetmap.org                 https://webapi.zscaler.com
        https://cdn.zscaler.com https://server.arcgisonline.com                 https://fast.wistia.com
        https://cms.zscaler.com; script-src ''self'' ''unsafe-eval'' https://*.userpilot.io
        https://webapi.zscaler.com/                 https://www.zscaler.com/api/admin-ui-messages/
        https://webapi.zscaler.com/                 https://fast.wistia.com; style-src
        ''unsafe-inline'' https:; font-src ''self''; connect-src ''self'' https://*.userpilot.io
        wss://analytex-us.userpilot.io; frame-src ''self'' https://help.zscaler.com/
        https://help.zscalergov.net https://help.zscaler.us; manifest-src ''self'''
      content-type:
      - application/json
      date:
      - Fri, 19 Dec 2025 22:00:40 GMT
      server:
      - Zscaler
      strict-transport-security:
      - max-age=31536000; includeSubDomains; preload
      transfer-encoding:
      - chunked
      vary:
      - Accept-Encoding
      x-content-type-options:
      - nosniff
      x-envoy-upstream-service-time:
      - '146'
      x-frame-options:
      - SAMEORIGIN
      x-oneapi-host:
      - https://apiusw2.beta.zsapi.net
      x-oneapi-request-id:
      - e30a9b8f-b6ea-964f-8f55-15502e1a1c91
      x-oneapi-version:
      - 109.1.92
      x-ratelimit-limit:
      - 5000, 5000;w=60
      x-ratelimit-remaining:
      - '4988'
      x-ratelimit-reset:
      - '20'
      x-transaction-id:
      - bd9e71b3-eb18-4579-b840-8ed4310e9a89
      x-xss-protection:
      - 1; mode=block
      x-zscaler-mode:
      - read-write
    status:
      code: 200
      message: OK
- request:
    body: '{}'
    headers:
      Accept:
      - application/json
      Accept-Encoding:
      - gzip, deflate
      Connection:
      - keep-alive
      Content-Length:
      - '2'
      Content-Type:
      - application/json
      User-Agent:
      - zscaler-sdk-python/1.9.12 python/3.11.8 Darwin/24.6.0
    method: GET
    uri: https://api.beta.zsapi.net/zia/api/v1/ipv6config/nat64prefix
  response:
    body:
      string: '[{"id":1323092,"name":"NAT64Prefix01","description":"NAT64Prefix01","prefixMask":"2001:db8:122:300::/56","dnsPrefix":true,"nonEditable":false}]'
    headers:
      cache-control:
      - no-store, no-cache
      content-disposition:
      - attachment; filename="api.json"
      content-encoding:
      - gzip
      content-security-policy:
      - 'default-src ''none''; img-src ''self'' data: https://www.zscaler.com https://www.zscaler.fr
        https://a.tile.openstreetmap.org                 https://b.tile.openstreetmap.org
        https://c.tile.openstreetmap.org                 https://webapi.zscaler.com
        https://cdn.zscaler.com https://server.arcgisonline.com                 https://fast.wistia.com
        https://cms.zscaler.com; script-src ''self'' ''unsafe-eval'' https://*.userpilot.io
        https://webapi.zscaler.com/                 https://www.zscaler.com/api/admin-ui-messages/
        https://webapi.zscaler.com/                 https://fast.wistia.com; style-src
        ''unsafe-inline'' https:; font-src ''self''; connect-src ''self'' https://*.userpilot.io
        wss://analytex-us.userpilot.io; frame-src ''self'' https://help.zscaler.com/
        https://help.zscalergov.net https://help.zscaler.us; manifest-src ''self'''
      content-type:
      - application/json
      date:
      - Fri, 19 Dec 2025 22:00:40 GMT
      server:
      - Zscaler
      strict-transport-security:
      - max-age=31536000; includeSubDomains; preload
      transfer-encoding:
      - chunked
      vary:
      - Accept-Encoding
      x-content-type-options:
      - nosniff
      x-envoy-upstream-service-time:
      - '192'
      x-frame-options:
      - SAMEORIGIN
      x-oneapi-host:
      - https://apiusw2.beta.zsapi.net
      x-oneapi-request-id:
      - 7ae6e701-dc6f-9ca6-be52-1ed0fc8f7c4f
      x-oneapi-version:
      - 109.1.92
      x-ratelimit-limit:
      - 5000, 5000;w=60
      x-ratelimit-remaining:
      - '4987'
      x-ratelimit-reset:
      - '20'
      x-transaction-id:
      - bd9e71b3-eb18-4579-b840-8ed4310e9a89
      x-xss-protection:
      - 1; mode=block
      x-zscaler-mode:
      - read-write
    status:
      code: 200
      message: OK
version: 1
