interactions:
- request:
    body: '{}'
    headers:
      Accept:
      - application/json
      Accept-Encoding:
      - gzip, deflate
      Connection:
      - keep-alive
      Content-Length:
      - '2'
      Content-Type:
      - application/json
      User-Agent:
      - zscaler-sdk-python/1.9.3 python/3.11.8 Darwin/24.6.0
    method: GET
    uri: https://api.zsapi.net/zia/api/v1/adminRoles/lite
  response:
    body:
      string: '[{"id":11521,"rank":7,"name":"Super Admin","roleType":"EXEC_INSIGHT_AND_ORG_ADMIN","reportTimeDuration":-1},{"id":11522,"rank":7,"name":"Executive
        Insights App","roleType":"EXEC_INSIGHT","reportTimeDuration":-1},{"id":12404,"rank":7,"name":"Engineering_Role","roleType":"EXEC_INSIGHT_AND_ORG_ADMIN","reportTimeDuration":-1},{"id":18740,"rank":7,"name":"SDWAN-SilverPeak","roleType":"SDWAN","reportTimeDuration":-1},{"id":18756,"rank":7,"name":"SDWAN-VeloCloud","roleType":"SDWAN","reportTimeDuration":-1},{"id":36357,"rank":7,"name":"Firewall-Admin-API-Role","roleType":"PUBLIC_API","reportTimeDuration":-1},{"id":51987,"rank":7,"name":"Role_Test_OneAPI","roleType":"ORG_ADMIN","reportTimeDuration":-1},{"id":51988,"rank":7,"name":"API_Role01","roleType":"PUBLIC_API","reportTimeDuration":-1},{"id":72345,"rank":7,"name":"API_Role_READONLY","roleType":"PUBLIC_API","reportTimeDuration":-1}]'
    headers:
      cache-control:
      - no-store, no-cache
      cache-status:
      - EdgeCache; fwd=miss; detail=shadow-mode
      content-disposition:
      - attachment; filename="api.json"
      content-encoding:
      - gzip
      content-security-policy:
      - 'default-src ''none''; img-src ''self'' data: https://www.zscaler.com https://www.zscaler.fr
        https://a.tile.openstreetmap.org                 https://b.tile.openstreetmap.org
        https://c.tile.openstreetmap.org                 https://webapi.zscaler.com
        https://cdn.zscaler.com https://server.arcgisonline.com                 https://fast.wistia.com
        https://cms.zscaler.com; script-src ''self'' ''unsafe-eval'' https://*.userpilot.io
        https://webapi.zscaler.com/                 https://www.zscaler.com/api/admin-ui-messages/
        https://webapi.zscaler.com/                 https://fast.wistia.com; style-src
        ''unsafe-inline'' https:; font-src ''self''; connect-src ''self'' https://*.userpilot.io
        wss://analytex-us.userpilot.io; frame-src ''self'' https://help.zscaler.com/
        https://help.zscalergov.net https://help.zscaler.us; manifest-src ''self'''
      content-type:
      - application/json
      date:
      - Wed, 26 Nov 2025 04:53:02 GMT
      server:
      - Zscaler
      strict-transport-security:
      - max-age=31536000; includeSubDomains; preload
      transfer-encoding:
      - chunked
      vary:
      - Accept-Encoding
      x-content-type-options:
      - nosniff
      x-envoy-upstream-service-time:
      - '307'
      x-frame-options:
      - SAMEORIGIN
      x-oneapi-host:
      - https://apiusw2.zsapi.net
      x-oneapi-request-id:
      - c0f31e8a-79d7-97a0-8d10-d2a0fcf23949
      x-oneapi-version:
      - 109.1.85
      x-ratelimit-limit:
      - 5000, 5000;w=60
      x-ratelimit-remaining:
      - '4999'
      x-ratelimit-reset:
      - '59'
      x-transaction-id:
      - be989c62-a108-44f8-b077-59f56ba6f6fe
      x-xss-protection:
      - 1; mode=block
      x-zscaler-mode:
      - read-write
    status:
      code: 200
      message: OK
- request:
    body: '{}'
    headers:
      Accept:
      - application/json
      Accept-Encoding:
      - gzip, deflate
      Connection:
      - keep-alive
      Content-Length:
      - '2'
      Content-Type:
      - application/json
      User-Agent:
      - zscaler-sdk-python/1.9.3 python/3.11.8 Darwin/24.6.0
    method: GET
    uri: https://api.zsapi.net/zia/api/v1/adminRoles/lite
  response:
    body:
      string: '[{"id":11521,"rank":7,"name":"Super Admin","roleType":"EXEC_INSIGHT_AND_ORG_ADMIN","reportTimeDuration":-1},{"id":11522,"rank":7,"name":"Executive
        Insights App","roleType":"EXEC_INSIGHT","reportTimeDuration":-1},{"id":12404,"rank":7,"name":"Engineering_Role","roleType":"EXEC_INSIGHT_AND_ORG_ADMIN","reportTimeDuration":-1},{"id":18740,"rank":7,"name":"SDWAN-SilverPeak","roleType":"SDWAN","reportTimeDuration":-1},{"id":18756,"rank":7,"name":"SDWAN-VeloCloud","roleType":"SDWAN","reportTimeDuration":-1},{"id":36357,"rank":7,"name":"Firewall-Admin-API-Role","roleType":"PUBLIC_API","reportTimeDuration":-1},{"id":51987,"rank":7,"name":"Role_Test_OneAPI","roleType":"ORG_ADMIN","reportTimeDuration":-1},{"id":51988,"rank":7,"name":"API_Role01","roleType":"PUBLIC_API","reportTimeDuration":-1},{"id":72345,"rank":7,"name":"API_Role_READONLY","roleType":"PUBLIC_API","reportTimeDuration":-1}]'
    headers:
      cache-control:
      - no-store, no-cache
      cache-status:
      - EdgeCache; fwd=miss; detail=shadow-mode
      content-disposition:
      - attachment; filename="api.json"
      content-encoding:
      - gzip
      content-security-policy:
      - 'default-src ''none''; img-src ''self'' data: https://www.zscaler.com https://www.zscaler.fr
        https://a.tile.openstreetmap.org                 https://b.tile.openstreetmap.org
        https://c.tile.openstreetmap.org                 https://webapi.zscaler.com
        https://cdn.zscaler.com https://server.arcgisonline.com                 https://fast.wistia.com
        https://cms.zscaler.com; script-src ''self'' ''unsafe-eval'' https://*.userpilot.io
        https://webapi.zscaler.com/                 https://www.zscaler.com/api/admin-ui-messages/
        https://webapi.zscaler.com/                 https://fast.wistia.com; style-src
        ''unsafe-inline'' https:; font-src ''self''; connect-src ''self'' https://*.userpilot.io
        wss://analytex-us.userpilot.io; frame-src ''self'' https://help.zscaler.com/
        https://help.zscalergov.net https://help.zscaler.us; manifest-src ''self'''
      content-type:
      - application/json
      date:
      - Wed, 26 Nov 2025 04:53:02 GMT
      server:
      - Zscaler
      strict-transport-security:
      - max-age=31536000; includeSubDomains; preload
      transfer-encoding:
      - chunked
      vary:
      - Accept-Encoding
      x-content-type-options:
      - nosniff
      x-envoy-upstream-service-time:
      - '331'
      x-frame-options:
      - SAMEORIGIN
      x-oneapi-host:
      - https://apiusw2.zsapi.net
      x-oneapi-request-id:
      - 48e46fec-9094-92ca-b039-0a34101adbfb
      x-oneapi-version:
      - 109.1.85
      x-ratelimit-limit:
      - 5000, 5000;w=60
      x-ratelimit-remaining:
      - '4998'
      x-ratelimit-reset:
      - '58'
      x-transaction-id:
      - be989c62-a108-44f8-b077-59f56ba6f6fe
      x-xss-protection:
      - 1; mode=block
      x-zscaler-mode:
      - read-write
    status:
      code: 200
      message: OK
- request:
    body: '{}'
    headers:
      Accept:
      - application/json
      Accept-Encoding:
      - gzip, deflate
      Connection:
      - keep-alive
      Content-Length:
      - '2'
      Content-Type:
      - application/json
      User-Agent:
      - zscaler-sdk-python/1.9.3 python/3.11.8 Darwin/24.6.0
    method: GET
    uri: https://api.zsapi.net/zia/api/v1/adminRoles/lite?includeAuditorRole=True
  response:
    body:
      string: '[{"id":11521,"rank":7,"name":"Super Admin","roleType":"EXEC_INSIGHT_AND_ORG_ADMIN","reportTimeDuration":-1},{"id":11522,"rank":7,"name":"Executive
        Insights App","roleType":"EXEC_INSIGHT","reportTimeDuration":-1},{"id":12404,"rank":7,"name":"Engineering_Role","roleType":"EXEC_INSIGHT_AND_ORG_ADMIN","reportTimeDuration":-1},{"id":18740,"rank":7,"name":"SDWAN-SilverPeak","roleType":"SDWAN","reportTimeDuration":-1},{"id":18756,"rank":7,"name":"SDWAN-VeloCloud","roleType":"SDWAN","reportTimeDuration":-1},{"id":18999,"rank":7,"name":"Auditor","isAuditor":true,"roleType":"ORG_ADMIN","reportTimeDuration":-1},{"id":36357,"rank":7,"name":"Firewall-Admin-API-Role","roleType":"PUBLIC_API","reportTimeDuration":-1},{"id":51987,"rank":7,"name":"Role_Test_OneAPI","roleType":"ORG_ADMIN","reportTimeDuration":-1},{"id":51988,"rank":7,"name":"API_Role01","roleType":"PUBLIC_API","reportTimeDuration":-1},{"id":72345,"rank":7,"name":"API_Role_READONLY","roleType":"PUBLIC_API","reportTimeDuration":-1}]'
    headers:
      cache-control:
      - no-store, no-cache
      cache-status:
      - EdgeCache; fwd=miss; detail=shadow-mode
      content-disposition:
      - attachment; filename="api.json"
      content-encoding:
      - gzip
      content-security-policy:
      - 'default-src ''none''; img-src ''self'' data: https://www.zscaler.com https://www.zscaler.fr
        https://a.tile.openstreetmap.org                 https://b.tile.openstreetmap.org
        https://c.tile.openstreetmap.org                 https://webapi.zscaler.com
        https://cdn.zscaler.com https://server.arcgisonline.com                 https://fast.wistia.com
        https://cms.zscaler.com; script-src ''self'' ''unsafe-eval'' https://*.userpilot.io
        https://webapi.zscaler.com/                 https://www.zscaler.com/api/admin-ui-messages/
        https://webapi.zscaler.com/                 https://fast.wistia.com; style-src
        ''unsafe-inline'' https:; font-src ''self''; connect-src ''self'' https://*.userpilot.io
        wss://analytex-us.userpilot.io; frame-src ''self'' https://help.zscaler.com/
        https://help.zscalergov.net https://help.zscaler.us; manifest-src ''self'''
      content-type:
      - application/json
      date:
      - Wed, 26 Nov 2025 04:53:02 GMT
      server:
      - Zscaler
      strict-transport-security:
      - max-age=31536000; includeSubDomains; preload
      transfer-encoding:
      - chunked
      vary:
      - Accept-Encoding
      x-content-type-options:
      - nosniff
      x-envoy-upstream-service-time:
      - '203'
      x-frame-options:
      - SAMEORIGIN
      x-oneapi-host:
      - https://apiusw2.zsapi.net
      x-oneapi-request-id:
      - cb1dbee3-c81e-935d-8e2b-0f71ff90ba43
      x-oneapi-version:
      - 109.1.85
      x-ratelimit-limit:
      - 5000, 5000;w=60
      x-ratelimit-remaining:
      - '4997'
      x-ratelimit-reset:
      - '58'
      x-transaction-id:
      - be989c62-a108-44f8-b077-59f56ba6f6fe
      x-xss-protection:
      - 1; mode=block
      x-zscaler-mode:
      - read-write
    status:
      code: 200
      message: OK
- request:
    body: '{}'
    headers:
      Accept:
      - application/json
      Accept-Encoding:
      - gzip, deflate
      Connection:
      - keep-alive
      Content-Length:
      - '2'
      Content-Type:
      - application/json
      User-Agent:
      - zscaler-sdk-python/1.9.3 python/3.11.8 Darwin/24.6.0
    method: GET
    uri: https://api.zsapi.net/zia/api/v1/adminRoles/lite?includePartnerRole=True
  response:
    body:
      string: '[{"id":11521,"rank":7,"name":"Super Admin","roleType":"EXEC_INSIGHT_AND_ORG_ADMIN","reportTimeDuration":-1},{"id":11522,"rank":7,"name":"Executive
        Insights App","roleType":"EXEC_INSIGHT","reportTimeDuration":-1},{"id":12404,"rank":7,"name":"Engineering_Role","roleType":"EXEC_INSIGHT_AND_ORG_ADMIN","reportTimeDuration":-1},{"id":18740,"rank":7,"name":"SDWAN-SilverPeak","roleType":"SDWAN","reportTimeDuration":-1},{"id":18756,"rank":7,"name":"SDWAN-VeloCloud","roleType":"SDWAN","reportTimeDuration":-1},{"id":36357,"rank":7,"name":"Firewall-Admin-API-Role","roleType":"PUBLIC_API","reportTimeDuration":-1},{"id":51987,"rank":7,"name":"Role_Test_OneAPI","roleType":"ORG_ADMIN","reportTimeDuration":-1},{"id":51988,"rank":7,"name":"API_Role01","roleType":"PUBLIC_API","reportTimeDuration":-1},{"id":72345,"rank":7,"name":"API_Role_READONLY","roleType":"PUBLIC_API","reportTimeDuration":-1}]'
    headers:
      cache-control:
      - no-store, no-cache
      cache-status:
      - EdgeCache; fwd=miss; detail=shadow-mode
      content-disposition:
      - attachment; filename="api.json"
      content-encoding:
      - gzip
      content-security-policy:
      - 'default-src ''none''; img-src ''self'' data: https://www.zscaler.com https://www.zscaler.fr
        https://a.tile.openstreetmap.org                 https://b.tile.openstreetmap.org
        https://c.tile.openstreetmap.org                 https://webapi.zscaler.com
        https://cdn.zscaler.com https://server.arcgisonline.com                 https://fast.wistia.com
        https://cms.zscaler.com; script-src ''self'' ''unsafe-eval'' https://*.userpilot.io
        https://webapi.zscaler.com/                 https://www.zscaler.com/api/admin-ui-messages/
        https://webapi.zscaler.com/                 https://fast.wistia.com; style-src
        ''unsafe-inline'' https:; font-src ''self''; connect-src ''self'' https://*.userpilot.io
        wss://analytex-us.userpilot.io; frame-src ''self'' https://help.zscaler.com/
        https://help.zscalergov.net https://help.zscaler.us; manifest-src ''self'''
      content-type:
      - application/json
      date:
      - Wed, 26 Nov 2025 04:53:03 GMT
      server:
      - Zscaler
      strict-transport-security:
      - max-age=31536000; includeSubDomains; preload
      transfer-encoding:
      - chunked
      vary:
      - Accept-Encoding
      x-content-type-options:
      - nosniff
      x-envoy-upstream-service-time:
      - '295'
      x-frame-options:
      - SAMEORIGIN
      x-oneapi-host:
      - https://apiusw2.zsapi.net
      x-oneapi-request-id:
      - 54c0c5a1-589a-9826-a67b-6044210c526e
      x-oneapi-version:
      - 109.1.85
      x-ratelimit-limit:
      - 5000, 5000;w=60
      x-ratelimit-remaining:
      - '4996'
      x-ratelimit-reset:
      - '57'
      x-transaction-id:
      - be989c62-a108-44f8-b077-59f56ba6f6fe
      x-xss-protection:
      - 1; mode=block
      x-zscaler-mode:
      - read-write
    status:
      code: 200
      message: OK
- request:
    body: '{}'
    headers:
      Accept:
      - application/json
      Accept-Encoding:
      - gzip, deflate
      Connection:
      - keep-alive
      Content-Length:
      - '2'
      Content-Type:
      - application/json
      User-Agent:
      - zscaler-sdk-python/1.9.3 python/3.11.8 Darwin/24.6.0
    method: GET
    uri: https://api.zsapi.net/zia/api/v1/adminRoles/lite?includeApiRole=True
  response:
    body:
      string: '[{"id":11521,"rank":7,"name":"Super Admin","roleType":"EXEC_INSIGHT_AND_ORG_ADMIN","reportTimeDuration":-1},{"id":11522,"rank":7,"name":"Executive
        Insights App","roleType":"EXEC_INSIGHT","reportTimeDuration":-1},{"id":12404,"rank":7,"name":"Engineering_Role","roleType":"EXEC_INSIGHT_AND_ORG_ADMIN","reportTimeDuration":-1},{"id":18740,"rank":7,"name":"SDWAN-SilverPeak","roleType":"SDWAN","reportTimeDuration":-1},{"id":18756,"rank":7,"name":"SDWAN-VeloCloud","roleType":"SDWAN","reportTimeDuration":-1},{"id":36357,"rank":7,"name":"Firewall-Admin-API-Role","roleType":"PUBLIC_API","reportTimeDuration":-1},{"id":51987,"rank":7,"name":"Role_Test_OneAPI","roleType":"ORG_ADMIN","reportTimeDuration":-1},{"id":51988,"rank":7,"name":"API_Role01","roleType":"PUBLIC_API","reportTimeDuration":-1},{"id":72345,"rank":7,"name":"API_Role_READONLY","roleType":"PUBLIC_API","reportTimeDuration":-1}]'
    headers:
      cache-control:
      - no-store, no-cache
      cache-status:
      - EdgeCache; fwd=miss; detail=shadow-mode
      content-disposition:
      - attachment; filename="api.json"
      content-encoding:
      - gzip
      content-security-policy:
      - 'default-src ''none''; img-src ''self'' data: https://www.zscaler.com https://www.zscaler.fr
        https://a.tile.openstreetmap.org                 https://b.tile.openstreetmap.org
        https://c.tile.openstreetmap.org                 https://webapi.zscaler.com
        https://cdn.zscaler.com https://server.arcgisonline.com                 https://fast.wistia.com
        https://cms.zscaler.com; script-src ''self'' ''unsafe-eval'' https://*.userpilot.io
        https://webapi.zscaler.com/                 https://www.zscaler.com/api/admin-ui-messages/
        https://webapi.zscaler.com/                 https://fast.wistia.com; style-src
        ''unsafe-inline'' https:; font-src ''self''; connect-src ''self'' https://*.userpilot.io
        wss://analytex-us.userpilot.io; frame-src ''self'' https://help.zscaler.com/
        https://help.zscalergov.net https://help.zscaler.us; manifest-src ''self'''
      content-type:
      - application/json
      date:
      - Wed, 26 Nov 2025 04:53:03 GMT
      server:
      - Zscaler
      strict-transport-security:
      - max-age=31536000; includeSubDomains; preload
      transfer-encoding:
      - chunked
      vary:
      - Accept-Encoding
      x-content-type-options:
      - nosniff
      x-envoy-upstream-service-time:
      - '150'
      x-frame-options:
      - SAMEORIGIN
      x-oneapi-host:
      - https://apiusw2.zsapi.net
      x-oneapi-request-id:
      - 883df1eb-c7f4-979f-b650-11b1bedce614
      x-oneapi-version:
      - 109.1.85
      x-ratelimit-limit:
      - 5000, 5000;w=60
      x-ratelimit-remaining:
      - '4995'
      x-ratelimit-reset:
      - '57'
      x-transaction-id:
      - be989c62-a108-44f8-b077-59f56ba6f6fe
      x-xss-protection:
      - 1; mode=block
      x-zscaler-mode:
      - read-write
    status:
      code: 200
      message: OK
version: 1
