interactions:
- request:
    body: '{}'
    headers:
      Accept:
      - application/json
      Accept-Encoding:
      - gzip, deflate
      Connection:
      - keep-alive
      Content-Length:
      - '2'
      Content-Type:
      - application/json
      User-Agent:
      - zscaler-sdk-python/2.0.0 python/3.11.8 Darwin/24.6.0
    method: GET
    uri: https://easm.test.zscaler.com/zpa/mgmtconfig/v1/admin/customers/216196257331281920/policySet/policyType/ACCESS_POLICY
  response:
    body:
      string: '{"id":"216196257331281925","modifiedTime":"1764976913","creationTime":"1619672239","modifiedBy":"216196257331372705","name":"Global_Policy","enabled":true,"description":"The
        rules in this policy set are executed first.","policyType":"1","sorted":true}'
    headers:
      cache-control:
      - no-store
      content-encoding:
      - gzip
      content-security-policy:
      - default-src 'none'; upgrade-insecure-requests
      content-type:
      - application/json;charset=utf-8
      date:
      - Fri, 05 Dec 2025 23:22:25 GMT
      expires:
      - Thu, 01 Jan 1970 00:00:00 GMT
      pragma:
      - no-cache
      referrer-policy:
      - strict-origin-when-cross-origin
      server:
      - Zscaler
      strict-transport-security:
      - max-age=31536000; includeSubDomains; preload
      transfer-encoding:
      - chunked
      vary:
      - Origin,Access-Control-Request-Method,Access-Control-Request-Headers, Accept-Encoding
      x-content-type-options:
      - nosniff
      x-envoy-upstream-service-time:
      - '40'
      x-frame-options:
      - DENY
      x-oneapi-host:
      - https://apiusw2.zsapi.net
      x-oneapi-request-id:
      - 82b69243-0a42-91a9-b191-98e6b1ad1a3b
      x-oneapi-version:
      - 109.1.92
      x-ratelimit-limit:
      - 5000, 5000;w=60
      x-ratelimit-remaining:
      - '4955'
      x-ratelimit-reset:
      - '35'
      x-transaction-id:
      - 637a137c-e94b-41e5-823b-19fc15cbf8a0
      x-xss-protection:
      - '0'
    status:
      code: 200
      message: OK
- request:
    body: '{"name": "tests-vcr0001", "description": "tests-vcr0002", "customMsg":
      null, "ruleOrder": null, "action": "ALLOW", "appConnectorGroups": [], "appServerGroups":
      []}'
    headers:
      Accept:
      - application/json
      Accept-Encoding:
      - gzip, deflate
      Connection:
      - keep-alive
      Content-Length:
      - '163'
      Content-Type:
      - application/json
      User-Agent:
      - zscaler-sdk-python/2.0.0 python/3.11.8 Darwin/24.6.0
    method: POST
    uri: https://easm.test.zscaler.com/zpa/mgmtconfig/v1/admin/customers/216196257331281920/policySet/216196257331281925/rule
  response:
    body:
      string: '{"id":"216196257331395875","modifiedTime":"1764976945","creationTime":"1764976945","modifiedBy":"216196257331372705","name":"tests-vcr0001","description":"tests-vcr0002","ruleOrder":"1","priority":"1","policyType":"1","operator":"AND","action":"ALLOW","disabled":"0","defaultRule":false}'
    headers:
      cache-control:
      - no-store
      content-encoding:
      - gzip
      content-security-policy:
      - default-src 'none'; upgrade-insecure-requests
      content-type:
      - application/json;charset=utf-8
      date:
      - Fri, 05 Dec 2025 23:22:25 GMT
      expires:
      - Thu, 01 Jan 1970 00:00:00 GMT
      pragma:
      - no-cache
      referrer-policy:
      - strict-origin-when-cross-origin
      server:
      - Zscaler
      strict-transport-security:
      - max-age=31536000; includeSubDomains; preload
      transfer-encoding:
      - chunked
      vary:
      - Origin,Access-Control-Request-Method,Access-Control-Request-Headers, Accept-Encoding
      x-content-type-options:
      - nosniff
      x-envoy-upstream-service-time:
      - '103'
      x-frame-options:
      - DENY
      x-oneapi-host:
      - https://apiusw2.zsapi.net
      x-oneapi-request-id:
      - 05316cd6-ef07-9147-b5c9-1599bc424136
      x-oneapi-version:
      - 109.1.92
      x-ratelimit-limit:
      - 5000, 5000;w=60
      x-ratelimit-remaining:
      - '4954'
      x-ratelimit-reset:
      - '35'
      x-transaction-id:
      - 637a137c-e94b-41e5-823b-19fc15cbf8a0
      x-xss-protection:
      - '0'
    status:
      code: 201
      message: Created
- request:
    body: '{}'
    headers:
      Accept:
      - application/json
      Accept-Encoding:
      - gzip, deflate
      Connection:
      - keep-alive
      Content-Length:
      - '2'
      Content-Type:
      - application/json
      User-Agent:
      - zscaler-sdk-python/2.0.0 python/3.11.8 Darwin/24.6.0
    method: GET
    uri: https://easm.test.zscaler.com/zpa/mgmtconfig/v1/admin/customers/216196257331281920/policySet/policyType/ACCESS_POLICY
  response:
    body:
      string: '{"id":"216196257331281925","modifiedTime":"1764976945","creationTime":"1619672239","modifiedBy":"216196257331372705","name":"Global_Policy","enabled":true,"description":"The
        rules in this policy set are executed first.","policyType":"1","sorted":true}'
    headers:
      cache-control:
      - no-store
      content-encoding:
      - gzip
      content-security-policy:
      - default-src 'none'; upgrade-insecure-requests
      content-type:
      - application/json;charset=utf-8
      date:
      - Fri, 05 Dec 2025 23:22:25 GMT
      expires:
      - Thu, 01 Jan 1970 00:00:00 GMT
      pragma:
      - no-cache
      referrer-policy:
      - strict-origin-when-cross-origin
      server:
      - Zscaler
      strict-transport-security:
      - max-age=31536000; includeSubDomains; preload
      transfer-encoding:
      - chunked
      vary:
      - Origin,Access-Control-Request-Method,Access-Control-Request-Headers, Accept-Encoding
      x-content-type-options:
      - nosniff
      x-envoy-upstream-service-time:
      - '31'
      x-frame-options:
      - DENY
      x-oneapi-host:
      - https://apiusw2.zsapi.net
      x-oneapi-request-id:
      - b2ccb062-474a-9314-9897-fdceec10134a
      x-oneapi-version:
      - 109.1.92
      x-ratelimit-limit:
      - 5000, 5000;w=60
      x-ratelimit-remaining:
      - '4953'
      x-ratelimit-reset:
      - '35'
      x-transaction-id:
      - 637a137c-e94b-41e5-823b-19fc15cbf8a0
      x-xss-protection:
      - '0'
    status:
      code: 200
      message: OK
- request:
    body: '{"name": "tests-vcr0003", "description": "tests-vcr0004", "customMsg":
      null, "ruleOrder": null, "action": "ALLOW", "appConnectorGroups": [], "appServerGroups":
      []}'
    headers:
      Accept:
      - application/json
      Accept-Encoding:
      - gzip, deflate
      Connection:
      - keep-alive
      Content-Length:
      - '163'
      Content-Type:
      - application/json
      User-Agent:
      - zscaler-sdk-python/2.0.0 python/3.11.8 Darwin/24.6.0
    method: POST
    uri: https://easm.test.zscaler.com/zpa/mgmtconfig/v1/admin/customers/216196257331281920/policySet/216196257331281925/rule
  response:
    body:
      string: '{"id":"216196257331395876","modifiedTime":"1764976945","creationTime":"1764976945","modifiedBy":"216196257331372705","name":"tests-vcr0003","description":"tests-vcr0004","ruleOrder":"2","priority":"1","policyType":"1","operator":"AND","action":"ALLOW","disabled":"0","defaultRule":false}'
    headers:
      cache-control:
      - no-store
      content-encoding:
      - gzip
      content-security-policy:
      - default-src 'none'; upgrade-insecure-requests
      content-type:
      - application/json;charset=utf-8
      date:
      - Fri, 05 Dec 2025 23:22:25 GMT
      expires:
      - Thu, 01 Jan 1970 00:00:00 GMT
      pragma:
      - no-cache
      referrer-policy:
      - strict-origin-when-cross-origin
      server:
      - Zscaler
      strict-transport-security:
      - max-age=31536000; includeSubDomains; preload
      transfer-encoding:
      - chunked
      vary:
      - Origin,Access-Control-Request-Method,Access-Control-Request-Headers, Accept-Encoding
      x-content-type-options:
      - nosniff
      x-envoy-upstream-service-time:
      - '103'
      x-frame-options:
      - DENY
      x-oneapi-host:
      - https://apiusw2.zsapi.net
      x-oneapi-request-id:
      - 57d86c96-5418-940d-a654-54a0b26a5e3d
      x-oneapi-version:
      - 109.1.92
      x-ratelimit-limit:
      - 5000, 5000;w=60
      x-ratelimit-remaining:
      - '4952'
      x-ratelimit-reset:
      - '35'
      x-transaction-id:
      - 637a137c-e94b-41e5-823b-19fc15cbf8a0
      x-xss-protection:
      - '0'
    status:
      code: 201
      message: Created
- request:
    body: '{}'
    headers:
      Accept:
      - application/json
      Accept-Encoding:
      - gzip, deflate
      Connection:
      - keep-alive
      Content-Length:
      - '2'
      Content-Type:
      - application/json
      User-Agent:
      - zscaler-sdk-python/2.0.0 python/3.11.8 Darwin/24.6.0
    method: GET
    uri: https://easm.test.zscaler.com/zpa/mgmtconfig/v1/admin/customers/216196257331281920/policySet/policyType/ACCESS_POLICY
  response:
    body:
      string: '{"id":"216196257331281925","modifiedTime":"1764976945","creationTime":"1619672239","modifiedBy":"216196257331372705","name":"Global_Policy","enabled":true,"description":"The
        rules in this policy set are executed first.","policyType":"1","sorted":true}'
    headers:
      cache-control:
      - no-store
      content-encoding:
      - gzip
      content-security-policy:
      - default-src 'none'; upgrade-insecure-requests
      content-type:
      - application/json;charset=utf-8
      date:
      - Fri, 05 Dec 2025 23:22:26 GMT
      expires:
      - Thu, 01 Jan 1970 00:00:00 GMT
      pragma:
      - no-cache
      referrer-policy:
      - strict-origin-when-cross-origin
      server:
      - Zscaler
      strict-transport-security:
      - max-age=31536000; includeSubDomains; preload
      transfer-encoding:
      - chunked
      vary:
      - Origin,Access-Control-Request-Method,Access-Control-Request-Headers, Accept-Encoding
      x-content-type-options:
      - nosniff
      x-envoy-upstream-service-time:
      - '30'
      x-frame-options:
      - DENY
      x-oneapi-host:
      - https://apiusw2.zsapi.net
      x-oneapi-request-id:
      - 1f15f51a-3597-9d3e-979e-d968b1a23ee5
      x-oneapi-version:
      - 109.1.92
      x-ratelimit-limit:
      - 5000, 5000;w=60
      x-ratelimit-remaining:
      - '4951'
      x-ratelimit-reset:
      - '34'
      x-transaction-id:
      - 637a137c-e94b-41e5-823b-19fc15cbf8a0
      x-xss-protection:
      - '0'
    status:
      code: 200
      message: OK
- request:
    body: '{"name": "tests-vcr0005", "description": "tests-vcr0006", "customMsg":
      null, "ruleOrder": null, "action": "ALLOW", "appConnectorGroups": [], "appServerGroups":
      []}'
    headers:
      Accept:
      - application/json
      Accept-Encoding:
      - gzip, deflate
      Connection:
      - keep-alive
      Content-Length:
      - '163'
      Content-Type:
      - application/json
      User-Agent:
      - zscaler-sdk-python/2.0.0 python/3.11.8 Darwin/24.6.0
    method: POST
    uri: https://easm.test.zscaler.com/zpa/mgmtconfig/v1/admin/customers/216196257331281920/policySet/216196257331281925/rule
  response:
    body:
      string: '{"id":"216196257331395877","modifiedTime":"1764976946","creationTime":"1764976946","modifiedBy":"216196257331372705","name":"tests-vcr0005","description":"tests-vcr0006","ruleOrder":"3","priority":"1","policyType":"1","operator":"AND","action":"ALLOW","disabled":"0","defaultRule":false}'
    headers:
      cache-control:
      - no-store
      content-encoding:
      - gzip
      content-security-policy:
      - default-src 'none'; upgrade-insecure-requests
      content-type:
      - application/json;charset=utf-8
      date:
      - Fri, 05 Dec 2025 23:22:26 GMT
      expires:
      - Thu, 01 Jan 1970 00:00:00 GMT
      pragma:
      - no-cache
      referrer-policy:
      - strict-origin-when-cross-origin
      server:
      - Zscaler
      strict-transport-security:
      - max-age=31536000; includeSubDomains; preload
      transfer-encoding:
      - chunked
      vary:
      - Origin,Access-Control-Request-Method,Access-Control-Request-Headers, Accept-Encoding
      x-content-type-options:
      - nosniff
      x-envoy-upstream-service-time:
      - '99'
      x-frame-options:
      - DENY
      x-oneapi-host:
      - https://apiusw2.zsapi.net
      x-oneapi-request-id:
      - d02ae0da-df8c-97c6-944d-f41f4dc5334d
      x-oneapi-version:
      - 109.1.92
      x-ratelimit-limit:
      - 5000, 5000;w=60
      x-ratelimit-remaining:
      - '4950'
      x-ratelimit-reset:
      - '34'
      x-transaction-id:
      - 637a137c-e94b-41e5-823b-19fc15cbf8a0
      x-xss-protection:
      - '0'
    status:
      code: 201
      message: Created
- request:
    body: '{}'
    headers:
      Accept:
      - application/json
      Accept-Encoding:
      - gzip, deflate
      Connection:
      - keep-alive
      Content-Length:
      - '2'
      Content-Type:
      - application/json
      User-Agent:
      - zscaler-sdk-python/2.0.0 python/3.11.8 Darwin/24.6.0
    method: GET
    uri: https://easm.test.zscaler.com/zpa/mgmtconfig/v1/admin/customers/216196257331281920/policySet/policyType/ACCESS_POLICY
  response:
    body:
      string: '{"id":"216196257331281925","modifiedTime":"1764976946","creationTime":"1619672239","modifiedBy":"216196257331372705","name":"Global_Policy","enabled":true,"description":"The
        rules in this policy set are executed first.","policyType":"1","sorted":true}'
    headers:
      cache-control:
      - no-store
      content-encoding:
      - gzip
      content-security-policy:
      - default-src 'none'; upgrade-insecure-requests
      content-type:
      - application/json;charset=utf-8
      date:
      - Fri, 05 Dec 2025 23:22:26 GMT
      expires:
      - Thu, 01 Jan 1970 00:00:00 GMT
      pragma:
      - no-cache
      referrer-policy:
      - strict-origin-when-cross-origin
      server:
      - Zscaler
      strict-transport-security:
      - max-age=31536000; includeSubDomains; preload
      transfer-encoding:
      - chunked
      vary:
      - Origin,Access-Control-Request-Method,Access-Control-Request-Headers, Accept-Encoding
      x-content-type-options:
      - nosniff
      x-envoy-upstream-service-time:
      - '36'
      x-frame-options:
      - DENY
      x-oneapi-host:
      - https://apiusw2.zsapi.net
      x-oneapi-request-id:
      - fbb82e12-e90e-9711-9197-4d6e26b3928e
      x-oneapi-version:
      - 109.1.92
      x-ratelimit-limit:
      - 5000, 5000;w=60
      x-ratelimit-remaining:
      - '4949'
      x-ratelimit-reset:
      - '34'
      x-transaction-id:
      - 637a137c-e94b-41e5-823b-19fc15cbf8a0
      x-xss-protection:
      - '0'
    status:
      code: 200
      message: OK
- request:
    body: '{"name": "tests-vcr0007", "description": "tests-vcr0008", "customMsg":
      null, "ruleOrder": null, "action": "ALLOW", "appConnectorGroups": [], "appServerGroups":
      []}'
    headers:
      Accept:
      - application/json
      Accept-Encoding:
      - gzip, deflate
      Connection:
      - keep-alive
      Content-Length:
      - '163'
      Content-Type:
      - application/json
      User-Agent:
      - zscaler-sdk-python/2.0.0 python/3.11.8 Darwin/24.6.0
    method: POST
    uri: https://easm.test.zscaler.com/zpa/mgmtconfig/v1/admin/customers/216196257331281920/policySet/216196257331281925/rule
  response:
    body:
      string: '{"id":"216196257331395878","modifiedTime":"1764976946","creationTime":"1764976946","modifiedBy":"216196257331372705","name":"tests-vcr0007","description":"tests-vcr0008","ruleOrder":"4","priority":"1","policyType":"1","operator":"AND","action":"ALLOW","disabled":"0","defaultRule":false}'
    headers:
      cache-control:
      - no-store
      content-encoding:
      - gzip
      content-security-policy:
      - default-src 'none'; upgrade-insecure-requests
      content-type:
      - application/json;charset=utf-8
      date:
      - Fri, 05 Dec 2025 23:22:26 GMT
      expires:
      - Thu, 01 Jan 1970 00:00:00 GMT
      pragma:
      - no-cache
      referrer-policy:
      - strict-origin-when-cross-origin
      server:
      - Zscaler
      strict-transport-security:
      - max-age=31536000; includeSubDomains; preload
      transfer-encoding:
      - chunked
      vary:
      - Origin,Access-Control-Request-Method,Access-Control-Request-Headers, Accept-Encoding
      x-content-type-options:
      - nosniff
      x-envoy-upstream-service-time:
      - '95'
      x-frame-options:
      - DENY
      x-oneapi-host:
      - https://apiusw2.zsapi.net
      x-oneapi-request-id:
      - af926b81-9ed6-9bed-8702-163bd7bd6055
      x-oneapi-version:
      - 109.1.92
      x-ratelimit-limit:
      - 5000, 5000;w=60
      x-ratelimit-remaining:
      - '4948'
      x-ratelimit-reset:
      - '34'
      x-transaction-id:
      - 637a137c-e94b-41e5-823b-19fc15cbf8a0
      x-xss-protection:
      - '0'
    status:
      code: 201
      message: Created
- request:
    body: '{}'
    headers:
      Accept:
      - application/json
      Accept-Encoding:
      - gzip, deflate
      Connection:
      - keep-alive
      Content-Length:
      - '2'
      Content-Type:
      - application/json
      User-Agent:
      - zscaler-sdk-python/2.0.0 python/3.11.8 Darwin/24.6.0
    method: GET
    uri: https://easm.test.zscaler.com/zpa/mgmtconfig/v1/admin/customers/216196257331281920/policySet/policyType/ACCESS_POLICY
  response:
    body:
      string: '{"id":"216196257331281925","modifiedTime":"1764976946","creationTime":"1619672239","modifiedBy":"216196257331372705","name":"Global_Policy","enabled":true,"description":"The
        rules in this policy set are executed first.","policyType":"1","sorted":true}'
    headers:
      cache-control:
      - no-store
      content-encoding:
      - gzip
      content-security-policy:
      - default-src 'none'; upgrade-insecure-requests
      content-type:
      - application/json;charset=utf-8
      date:
      - Fri, 05 Dec 2025 23:22:26 GMT
      expires:
      - Thu, 01 Jan 1970 00:00:00 GMT
      pragma:
      - no-cache
      referrer-policy:
      - strict-origin-when-cross-origin
      server:
      - Zscaler
      strict-transport-security:
      - max-age=31536000; includeSubDomains; preload
      transfer-encoding:
      - chunked
      vary:
      - Origin,Access-Control-Request-Method,Access-Control-Request-Headers, Accept-Encoding
      x-content-type-options:
      - nosniff
      x-envoy-upstream-service-time:
      - '32'
      x-frame-options:
      - DENY
      x-oneapi-host:
      - https://apiusw2.zsapi.net
      x-oneapi-request-id:
      - 0530a0ba-d83b-991d-a173-78f864dc32c5
      x-oneapi-version:
      - 109.1.92
      x-ratelimit-limit:
      - 5000, 5000;w=60
      x-ratelimit-remaining:
      - '4947'
      x-ratelimit-reset:
      - '34'
      x-transaction-id:
      - 637a137c-e94b-41e5-823b-19fc15cbf8a0
      x-xss-protection:
      - '0'
    status:
      code: 200
      message: OK
- request:
    body: '{"name": "tests-vcr0009", "description": "tests-vcr0010", "customMsg":
      null, "ruleOrder": null, "action": "ALLOW", "appConnectorGroups": [], "appServerGroups":
      []}'
    headers:
      Accept:
      - application/json
      Accept-Encoding:
      - gzip, deflate
      Connection:
      - keep-alive
      Content-Length:
      - '163'
      Content-Type:
      - application/json
      User-Agent:
      - zscaler-sdk-python/2.0.0 python/3.11.8 Darwin/24.6.0
    method: POST
    uri: https://easm.test.zscaler.com/zpa/mgmtconfig/v1/admin/customers/216196257331281920/policySet/216196257331281925/rule
  response:
    body:
      string: '{"id":"216196257331395879","modifiedTime":"1764976947","creationTime":"1764976947","modifiedBy":"216196257331372705","name":"tests-vcr0009","description":"tests-vcr0010","ruleOrder":"5","priority":"1","policyType":"1","operator":"AND","action":"ALLOW","disabled":"0","defaultRule":false}'
    headers:
      cache-control:
      - no-store
      content-encoding:
      - gzip
      content-security-policy:
      - default-src 'none'; upgrade-insecure-requests
      content-type:
      - application/json;charset=utf-8
      date:
      - Fri, 05 Dec 2025 23:22:27 GMT
      expires:
      - Thu, 01 Jan 1970 00:00:00 GMT
      pragma:
      - no-cache
      referrer-policy:
      - strict-origin-when-cross-origin
      server:
      - Zscaler
      strict-transport-security:
      - max-age=31536000; includeSubDomains; preload
      transfer-encoding:
      - chunked
      vary:
      - Origin,Access-Control-Request-Method,Access-Control-Request-Headers, Accept-Encoding
      x-content-type-options:
      - nosniff
      x-envoy-upstream-service-time:
      - '122'
      x-frame-options:
      - DENY
      x-oneapi-host:
      - https://apiusw2.zsapi.net
      x-oneapi-request-id:
      - 19c32dda-303c-914d-92b1-478cd0aad687
      x-oneapi-version:
      - 109.1.92
      x-ratelimit-limit:
      - 5000, 5000;w=60
      x-ratelimit-remaining:
      - '4946'
      x-ratelimit-reset:
      - '33'
      x-transaction-id:
      - 637a137c-e94b-41e5-823b-19fc15cbf8a0
      x-xss-protection:
      - '0'
    status:
      code: 201
      message: Created
- request:
    body: '{}'
    headers:
      Accept:
      - application/json
      Accept-Encoding:
      - gzip, deflate
      Connection:
      - keep-alive
      Content-Length:
      - '2'
      Content-Type:
      - application/json
      User-Agent:
      - zscaler-sdk-python/2.0.0 python/3.11.8 Darwin/24.6.0
    method: GET
    uri: https://easm.test.zscaler.com/zpa/mgmtconfig/v1/admin/customers/216196257331281920/policySet/rules/policyType/ACCESS_POLICY
  response:
    body:
      string: '{"totalPages":"1","totalCount":"5","list":[{"id":"216196257331395875","modifiedTime":"1764976945","creationTime":"1764976945","modifiedBy":"216196257331372705","name":"tests-vcr0001","description":"tests-vcr0002","ruleOrder":"1","priority":"5","policyType":"1","operator":"AND","action":"ALLOW","disabled":"0","extranetEnabled":false,"devicePostureFailureNotificationEnabled":false,"policySetId":"216196257331281925","defaultRule":false,"readOnly":false,"zscalerManaged":false},{"id":"216196257331395876","modifiedTime":"1764976945","creationTime":"1764976945","modifiedBy":"216196257331372705","name":"tests-vcr0003","description":"tests-vcr0004","ruleOrder":"2","priority":"4","policyType":"1","operator":"AND","action":"ALLOW","disabled":"0","extranetEnabled":false,"devicePostureFailureNotificationEnabled":false,"policySetId":"216196257331281925","defaultRule":false,"readOnly":false,"zscalerManaged":false},{"id":"216196257331395877","modifiedTime":"1764976946","creationTime":"1764976946","modifiedBy":"216196257331372705","name":"tests-vcr0005","description":"tests-vcr0006","ruleOrder":"3","priority":"3","policyType":"1","operator":"AND","action":"ALLOW","disabled":"0","extranetEnabled":false,"devicePostureFailureNotificationEnabled":false,"policySetId":"216196257331281925","defaultRule":false,"readOnly":false,"zscalerManaged":false},{"id":"216196257331395878","modifiedTime":"1764976946","creationTime":"1764976946","modifiedBy":"216196257331372705","name":"tests-vcr0007","description":"tests-vcr0008","ruleOrder":"4","priority":"2","policyType":"1","operator":"AND","action":"ALLOW","disabled":"0","extranetEnabled":false,"devicePostureFailureNotificationEnabled":false,"policySetId":"216196257331281925","defaultRule":false,"readOnly":false,"zscalerManaged":false},{"id":"216196257331395879","modifiedTime":"1764976947","creationTime":"1764976947","modifiedBy":"216196257331372705","name":"tests-vcr0009","description":"tests-vcr0010","ruleOrder":"5","priority":"1","policyType":"1","operator":"AND","action":"ALLOW","disabled":"0","extranetEnabled":false,"devicePostureFailureNotificationEnabled":false,"policySetId":"216196257331281925","defaultRule":false,"readOnly":false,"zscalerManaged":false}]}'
    headers:
      cache-control:
      - no-store
      content-encoding:
      - gzip
      content-security-policy:
      - default-src 'none'; upgrade-insecure-requests
      content-type:
      - application/json;charset=utf-8
      date:
      - Fri, 05 Dec 2025 23:22:27 GMT
      expires:
      - Thu, 01 Jan 1970 00:00:00 GMT
      pragma:
      - no-cache
      referrer-policy:
      - strict-origin-when-cross-origin
      server:
      - Zscaler
      strict-transport-security:
      - max-age=31536000; includeSubDomains; preload
      transfer-encoding:
      - chunked
      vary:
      - Origin,Access-Control-Request-Method,Access-Control-Request-Headers, Accept-Encoding
      x-content-type-options:
      - nosniff
      x-envoy-upstream-service-time:
      - '62'
      x-frame-options:
      - DENY
      x-oneapi-host:
      - https://apiusw2.zsapi.net
      x-oneapi-request-id:
      - b7e05566-c596-907e-9e63-4f094789276d
      x-oneapi-version:
      - 109.1.92
      x-ratelimit-limit:
      - 5000, 5000;w=60
      x-ratelimit-remaining:
      - '4945'
      x-ratelimit-reset:
      - '33'
      x-transaction-id:
      - 637a137c-e94b-41e5-823b-19fc15cbf8a0
      x-xss-protection:
      - '0'
    status:
      code: 200
      message: OK
- request:
    body: '{}'
    headers:
      Accept:
      - application/json
      Accept-Encoding:
      - gzip, deflate
      Connection:
      - keep-alive
      Content-Length:
      - '2'
      Content-Type:
      - application/json
      User-Agent:
      - zscaler-sdk-python/2.0.0 python/3.11.8 Darwin/24.6.0
    method: GET
    uri: https://easm.test.zscaler.com/zpa/mgmtconfig/v1/admin/customers/216196257331281920/policySet/policyType/ACCESS_POLICY
  response:
    body:
      string: '{"id":"216196257331281925","modifiedTime":"1764976947","creationTime":"1619672239","modifiedBy":"216196257331372705","name":"Global_Policy","enabled":true,"description":"The
        rules in this policy set are executed first.","policyType":"1","sorted":true}'
    headers:
      cache-control:
      - no-store
      content-encoding:
      - gzip
      content-security-policy:
      - default-src 'none'; upgrade-insecure-requests
      content-type:
      - application/json;charset=utf-8
      date:
      - Fri, 05 Dec 2025 23:22:27 GMT
      expires:
      - Thu, 01 Jan 1970 00:00:00 GMT
      pragma:
      - no-cache
      referrer-policy:
      - strict-origin-when-cross-origin
      server:
      - Zscaler
      strict-transport-security:
      - max-age=31536000; includeSubDomains; preload
      transfer-encoding:
      - chunked
      vary:
      - Origin,Access-Control-Request-Method,Access-Control-Request-Headers, Accept-Encoding
      x-content-type-options:
      - nosniff
      x-envoy-upstream-service-time:
      - '34'
      x-frame-options:
      - DENY
      x-oneapi-host:
      - https://apiusw2.zsapi.net
      x-oneapi-request-id:
      - 2cd85941-83df-9555-a49e-f8c153408bf3
      x-oneapi-version:
      - 109.1.92
      x-ratelimit-limit:
      - 5000, 5000;w=60
      x-ratelimit-remaining:
      - '4944'
      x-ratelimit-reset:
      - '33'
      x-transaction-id:
      - 637a137c-e94b-41e5-823b-19fc15cbf8a0
      x-xss-protection:
      - '0'
    status:
      code: 200
      message: OK
- request:
    body: '["216196257331395879", "216196257331395878", "216196257331395877", "216196257331395876",
      "216196257331395875"]'
    headers:
      Accept:
      - application/json
      Accept-Encoding:
      - gzip, deflate
      Connection:
      - keep-alive
      Content-Length:
      - '110'
      Content-Type:
      - application/json
      User-Agent:
      - zscaler-sdk-python/2.0.0 python/3.11.8 Darwin/24.6.0
    method: PUT
    uri: https://easm.test.zscaler.com/zpa/mgmtconfig/v1/admin/customers/216196257331281920/policySet/216196257331281925/reorder
  response:
    body:
      string: ''
    headers:
      cache-control:
      - no-store
      content-security-policy:
      - default-src 'none'; upgrade-insecure-requests
      date:
      - Fri, 05 Dec 2025 23:22:27 GMT
      expires:
      - Thu, 01 Jan 1970 00:00:00 GMT
      pragma:
      - no-cache
      referrer-policy:
      - strict-origin-when-cross-origin
      server:
      - Zscaler
      strict-transport-security:
      - max-age=31536000; includeSubDomains; preload
      vary:
      - Origin,Access-Control-Request-Method,Access-Control-Request-Headers, Accept-Encoding
      x-content-type-options:
      - nosniff
      x-envoy-upstream-service-time:
      - '44'
      x-frame-options:
      - DENY
      x-oneapi-host:
      - https://apiusw2.zsapi.net
      x-oneapi-request-id:
      - 4d468098-4ed4-9045-898c-5039ac45e81e
      x-oneapi-version:
      - 109.1.92
      x-ratelimit-limit:
      - 5000, 5000;w=60
      x-ratelimit-remaining:
      - '4943'
      x-ratelimit-reset:
      - '33'
      x-transaction-id:
      - 637a137c-e94b-41e5-823b-19fc15cbf8a0
      x-xss-protection:
      - '0'
    status:
      code: 204
      message: No Content
- request:
    body: '{}'
    headers:
      Accept:
      - application/json
      Accept-Encoding:
      - gzip, deflate
      Connection:
      - keep-alive
      Content-Length:
      - '2'
      Content-Type:
      - application/json
      User-Agent:
      - zscaler-sdk-python/2.0.0 python/3.11.8 Darwin/24.6.0
    method: GET
    uri: https://easm.test.zscaler.com/zpa/mgmtconfig/v1/admin/customers/216196257331281920/policySet/rules/policyType/ACCESS_POLICY
  response:
    body:
      string: '{"totalPages":"1","totalCount":"5","list":[{"id":"216196257331395879","modifiedTime":"1764976947","creationTime":"1764976947","modifiedBy":"216196257331372705","name":"tests-vcr0009","description":"tests-vcr0010","ruleOrder":"1","priority":"5","policyType":"1","operator":"AND","action":"ALLOW","disabled":"0","extranetEnabled":false,"devicePostureFailureNotificationEnabled":false,"policySetId":"216196257331281925","defaultRule":false,"readOnly":false,"zscalerManaged":false},{"id":"216196257331395878","modifiedTime":"1764976946","creationTime":"1764976946","modifiedBy":"216196257331372705","name":"tests-vcr0007","description":"tests-vcr0008","ruleOrder":"2","priority":"4","policyType":"1","operator":"AND","action":"ALLOW","disabled":"0","extranetEnabled":false,"devicePostureFailureNotificationEnabled":false,"policySetId":"216196257331281925","defaultRule":false,"readOnly":false,"zscalerManaged":false},{"id":"216196257331395877","modifiedTime":"1764976946","creationTime":"1764976946","modifiedBy":"216196257331372705","name":"tests-vcr0005","description":"tests-vcr0006","ruleOrder":"3","priority":"3","policyType":"1","operator":"AND","action":"ALLOW","disabled":"0","extranetEnabled":false,"devicePostureFailureNotificationEnabled":false,"policySetId":"216196257331281925","defaultRule":false,"readOnly":false,"zscalerManaged":false},{"id":"216196257331395876","modifiedTime":"1764976945","creationTime":"1764976945","modifiedBy":"216196257331372705","name":"tests-vcr0003","description":"tests-vcr0004","ruleOrder":"4","priority":"2","policyType":"1","operator":"AND","action":"ALLOW","disabled":"0","extranetEnabled":false,"devicePostureFailureNotificationEnabled":false,"policySetId":"216196257331281925","defaultRule":false,"readOnly":false,"zscalerManaged":false},{"id":"216196257331395875","modifiedTime":"1764976945","creationTime":"1764976945","modifiedBy":"216196257331372705","name":"tests-vcr0001","description":"tests-vcr0002","ruleOrder":"5","priority":"1","policyType":"1","operator":"AND","action":"ALLOW","disabled":"0","extranetEnabled":false,"devicePostureFailureNotificationEnabled":false,"policySetId":"216196257331281925","defaultRule":false,"readOnly":false,"zscalerManaged":false}]}'
    headers:
      cache-control:
      - no-store
      content-encoding:
      - gzip
      content-security-policy:
      - default-src 'none'; upgrade-insecure-requests
      content-type:
      - application/json;charset=utf-8
      date:
      - Fri, 05 Dec 2025 23:22:27 GMT
      expires:
      - Thu, 01 Jan 1970 00:00:00 GMT
      pragma:
      - no-cache
      referrer-policy:
      - strict-origin-when-cross-origin
      server:
      - Zscaler
      strict-transport-security:
      - max-age=31536000; includeSubDomains; preload
      transfer-encoding:
      - chunked
      vary:
      - Origin,Access-Control-Request-Method,Access-Control-Request-Headers, Accept-Encoding
      x-content-type-options:
      - nosniff
      x-envoy-upstream-service-time:
      - '71'
      x-frame-options:
      - DENY
      x-oneapi-host:
      - https://apiusw2.zsapi.net
      x-oneapi-request-id:
      - 1d69a3ad-5f57-96ae-b1e1-c04c0b6ee700
      x-oneapi-version:
      - 109.1.92
      x-ratelimit-limit:
      - 5000, 5000;w=60
      x-ratelimit-remaining:
      - '4942'
      x-ratelimit-reset:
      - '33'
      x-transaction-id:
      - 637a137c-e94b-41e5-823b-19fc15cbf8a0
      x-xss-protection:
      - '0'
    status:
      code: 200
      message: OK
- request:
    body: '{}'
    headers:
      Accept:
      - application/json
      Accept-Encoding:
      - gzip, deflate
      Connection:
      - keep-alive
      Content-Length:
      - '2'
      Content-Type:
      - application/json
      User-Agent:
      - zscaler-sdk-python/2.0.0 python/3.11.8 Darwin/24.6.0
    method: GET
    uri: https://easm.test.zscaler.com/zpa/mgmtconfig/v1/admin/customers/216196257331281920/policySet/policyType/ACCESS_POLICY
  response:
    body:
      string: '{"id":"216196257331281925","modifiedTime":"1764976947","creationTime":"1619672239","modifiedBy":"216196257331372705","name":"Global_Policy","enabled":true,"description":"The
        rules in this policy set are executed first.","policyType":"1","sorted":true}'
    headers:
      cache-control:
      - no-store
      content-encoding:
      - gzip
      content-security-policy:
      - default-src 'none'; upgrade-insecure-requests
      content-type:
      - application/json;charset=utf-8
      date:
      - Fri, 05 Dec 2025 23:22:27 GMT
      expires:
      - Thu, 01 Jan 1970 00:00:00 GMT
      pragma:
      - no-cache
      referrer-policy:
      - strict-origin-when-cross-origin
      server:
      - Zscaler
      strict-transport-security:
      - max-age=31536000; includeSubDomains; preload
      transfer-encoding:
      - chunked
      vary:
      - Origin,Access-Control-Request-Method,Access-Control-Request-Headers, Accept-Encoding
      x-content-type-options:
      - nosniff
      x-envoy-upstream-service-time:
      - '35'
      x-frame-options:
      - DENY
      x-oneapi-host:
      - https://apiusw2.zsapi.net
      x-oneapi-request-id:
      - 567c8214-5dee-95ac-83bc-dda6ecb1fdc5
      x-oneapi-version:
      - 109.1.92
      x-ratelimit-limit:
      - 5000, 5000;w=60
      x-ratelimit-remaining:
      - '4941'
      x-ratelimit-reset:
      - '33'
      x-transaction-id:
      - 637a137c-e94b-41e5-823b-19fc15cbf8a0
      x-xss-protection:
      - '0'
    status:
      code: 200
      message: OK
- request:
    body: '{}'
    headers:
      Accept:
      - application/json
      Accept-Encoding:
      - gzip, deflate
      Connection:
      - keep-alive
      Content-Length:
      - '2'
      Content-Type:
      - application/json
      User-Agent:
      - zscaler-sdk-python/2.0.0 python/3.11.8 Darwin/24.6.0
    method: DELETE
    uri: https://easm.test.zscaler.com/zpa/mgmtconfig/v1/admin/customers/216196257331281920/policySet/216196257331281925/rule/216196257331395875
  response:
    body:
      string: ''
    headers:
      cache-control:
      - no-store
      content-security-policy:
      - default-src 'none'; upgrade-insecure-requests
      date:
      - Fri, 05 Dec 2025 23:22:28 GMT
      expires:
      - Thu, 01 Jan 1970 00:00:00 GMT
      pragma:
      - no-cache
      referrer-policy:
      - strict-origin-when-cross-origin
      server:
      - Zscaler
      strict-transport-security:
      - max-age=31536000; includeSubDomains; preload
      vary:
      - Origin,Access-Control-Request-Method,Access-Control-Request-Headers, Accept-Encoding
      x-content-type-options:
      - nosniff
      x-envoy-upstream-service-time:
      - '47'
      x-frame-options:
      - DENY
      x-oneapi-host:
      - https://apiusw2.zsapi.net
      x-oneapi-request-id:
      - 4fec8564-8b39-9b3e-8e77-6360f1f0c48e
      x-oneapi-version:
      - 109.1.92
      x-ratelimit-limit:
      - 5000, 5000;w=60
      x-ratelimit-remaining:
      - '4940'
      x-ratelimit-reset:
      - '33'
      x-transaction-id:
      - 637a137c-e94b-41e5-823b-19fc15cbf8a0
      x-xss-protection:
      - '0'
    status:
      code: 204
      message: No Content
- request:
    body: '{}'
    headers:
      Accept:
      - application/json
      Accept-Encoding:
      - gzip, deflate
      Connection:
      - keep-alive
      Content-Length:
      - '2'
      Content-Type:
      - application/json
      User-Agent:
      - zscaler-sdk-python/2.0.0 python/3.11.8 Darwin/24.6.0
    method: GET
    uri: https://easm.test.zscaler.com/zpa/mgmtconfig/v1/admin/customers/216196257331281920/policySet/policyType/ACCESS_POLICY
  response:
    body:
      string: '{"id":"216196257331281925","modifiedTime":"1764976948","creationTime":"1619672239","modifiedBy":"216196257331372705","name":"Global_Policy","enabled":true,"description":"The
        rules in this policy set are executed first.","policyType":"1","sorted":true}'
    headers:
      cache-control:
      - no-store
      content-encoding:
      - gzip
      content-security-policy:
      - default-src 'none'; upgrade-insecure-requests
      content-type:
      - application/json;charset=utf-8
      date:
      - Fri, 05 Dec 2025 23:22:28 GMT
      expires:
      - Thu, 01 Jan 1970 00:00:00 GMT
      pragma:
      - no-cache
      referrer-policy:
      - strict-origin-when-cross-origin
      server:
      - Zscaler
      strict-transport-security:
      - max-age=31536000; includeSubDomains; preload
      transfer-encoding:
      - chunked
      vary:
      - Origin,Access-Control-Request-Method,Access-Control-Request-Headers, Accept-Encoding
      x-content-type-options:
      - nosniff
      x-envoy-upstream-service-time:
      - '36'
      x-frame-options:
      - DENY
      x-oneapi-host:
      - https://apiusw2.zsapi.net
      x-oneapi-request-id:
      - 5e0d2121-d071-9c16-a96d-be1b8755e6d1
      x-oneapi-version:
      - 109.1.92
      x-ratelimit-limit:
      - 5000, 5000;w=60
      x-ratelimit-remaining:
      - '4939'
      x-ratelimit-reset:
      - '32'
      x-transaction-id:
      - 637a137c-e94b-41e5-823b-19fc15cbf8a0
      x-xss-protection:
      - '0'
    status:
      code: 200
      message: OK
- request:
    body: '{}'
    headers:
      Accept:
      - application/json
      Accept-Encoding:
      - gzip, deflate
      Connection:
      - keep-alive
      Content-Length:
      - '2'
      Content-Type:
      - application/json
      User-Agent:
      - zscaler-sdk-python/2.0.0 python/3.11.8 Darwin/24.6.0
    method: DELETE
    uri: https://easm.test.zscaler.com/zpa/mgmtconfig/v1/admin/customers/216196257331281920/policySet/216196257331281925/rule/216196257331395876
  response:
    body:
      string: ''
    headers:
      cache-control:
      - no-store
      content-security-policy:
      - default-src 'none'; upgrade-insecure-requests
      date:
      - Fri, 05 Dec 2025 23:22:28 GMT
      expires:
      - Thu, 01 Jan 1970 00:00:00 GMT
      pragma:
      - no-cache
      referrer-policy:
      - strict-origin-when-cross-origin
      server:
      - Zscaler
      strict-transport-security:
      - max-age=31536000; includeSubDomains; preload
      vary:
      - Origin,Access-Control-Request-Method,Access-Control-Request-Headers, Accept-Encoding
      x-content-type-options:
      - nosniff
      x-envoy-upstream-service-time:
      - '52'
      x-frame-options:
      - DENY
      x-oneapi-host:
      - https://apiusw2.zsapi.net
      x-oneapi-request-id:
      - fcf6da86-2853-90d9-b11c-6b06f3c485b0
      x-oneapi-version:
      - 109.1.92
      x-ratelimit-limit:
      - 5000, 5000;w=60
      x-ratelimit-remaining:
      - '4938'
      x-ratelimit-reset:
      - '32'
      x-transaction-id:
      - 637a137c-e94b-41e5-823b-19fc15cbf8a0
      x-xss-protection:
      - '0'
    status:
      code: 204
      message: No Content
- request:
    body: '{}'
    headers:
      Accept:
      - application/json
      Accept-Encoding:
      - gzip, deflate
      Connection:
      - keep-alive
      Content-Length:
      - '2'
      Content-Type:
      - application/json
      User-Agent:
      - zscaler-sdk-python/2.0.0 python/3.11.8 Darwin/24.6.0
    method: GET
    uri: https://easm.test.zscaler.com/zpa/mgmtconfig/v1/admin/customers/216196257331281920/policySet/policyType/ACCESS_POLICY
  response:
    body:
      string: '{"id":"216196257331281925","modifiedTime":"1764976948","creationTime":"1619672239","modifiedBy":"216196257331372705","name":"Global_Policy","enabled":true,"description":"The
        rules in this policy set are executed first.","policyType":"1","sorted":true}'
    headers:
      cache-control:
      - no-store
      content-encoding:
      - gzip
      content-security-policy:
      - default-src 'none'; upgrade-insecure-requests
      content-type:
      - application/json;charset=utf-8
      date:
      - Fri, 05 Dec 2025 23:22:28 GMT
      expires:
      - Thu, 01 Jan 1970 00:00:00 GMT
      pragma:
      - no-cache
      referrer-policy:
      - strict-origin-when-cross-origin
      server:
      - Zscaler
      strict-transport-security:
      - max-age=31536000; includeSubDomains; preload
      transfer-encoding:
      - chunked
      vary:
      - Origin,Access-Control-Request-Method,Access-Control-Request-Headers, Accept-Encoding
      x-content-type-options:
      - nosniff
      x-envoy-upstream-service-time:
      - '37'
      x-frame-options:
      - DENY
      x-oneapi-host:
      - https://apiusw2.zsapi.net
      x-oneapi-request-id:
      - 1b42d4b8-344b-92dc-994d-c5262b67b8ab
      x-oneapi-version:
      - 109.1.92
      x-ratelimit-limit:
      - 5000, 5000;w=60
      x-ratelimit-remaining:
      - '4937'
      x-ratelimit-reset:
      - '32'
      x-transaction-id:
      - 637a137c-e94b-41e5-823b-19fc15cbf8a0
      x-xss-protection:
      - '0'
    status:
      code: 200
      message: OK
- request:
    body: '{}'
    headers:
      Accept:
      - application/json
      Accept-Encoding:
      - gzip, deflate
      Connection:
      - keep-alive
      Content-Length:
      - '2'
      Content-Type:
      - application/json
      User-Agent:
      - zscaler-sdk-python/2.0.0 python/3.11.8 Darwin/24.6.0
    method: DELETE
    uri: https://easm.test.zscaler.com/zpa/mgmtconfig/v1/admin/customers/216196257331281920/policySet/216196257331281925/rule/216196257331395877
  response:
    body:
      string: ''
    headers:
      cache-control:
      - no-store
      content-security-policy:
      - default-src 'none'; upgrade-insecure-requests
      date:
      - Fri, 05 Dec 2025 23:22:28 GMT
      expires:
      - Thu, 01 Jan 1970 00:00:00 GMT
      pragma:
      - no-cache
      referrer-policy:
      - strict-origin-when-cross-origin
      server:
      - Zscaler
      strict-transport-security:
      - max-age=31536000; includeSubDomains; preload
      vary:
      - Origin,Access-Control-Request-Method,Access-Control-Request-Headers, Accept-Encoding
      x-content-type-options:
      - nosniff
      x-envoy-upstream-service-time:
      - '51'
      x-frame-options:
      - DENY
      x-oneapi-host:
      - https://apiusw2.zsapi.net
      x-oneapi-request-id:
      - afb5cb1a-c96d-913e-809a-14418c8950e3
      x-oneapi-version:
      - 109.1.92
      x-ratelimit-limit:
      - 5000, 5000;w=60
      x-ratelimit-remaining:
      - '4936'
      x-ratelimit-reset:
      - '32'
      x-transaction-id:
      - 637a137c-e94b-41e5-823b-19fc15cbf8a0
      x-xss-protection:
      - '0'
    status:
      code: 204
      message: No Content
- request:
    body: '{}'
    headers:
      Accept:
      - application/json
      Accept-Encoding:
      - gzip, deflate
      Connection:
      - keep-alive
      Content-Length:
      - '2'
      Content-Type:
      - application/json
      User-Agent:
      - zscaler-sdk-python/2.0.0 python/3.11.8 Darwin/24.6.0
    method: GET
    uri: https://easm.test.zscaler.com/zpa/mgmtconfig/v1/admin/customers/216196257331281920/policySet/policyType/ACCESS_POLICY
  response:
    body:
      string: '{"id":"216196257331281925","modifiedTime":"1764976948","creationTime":"1619672239","modifiedBy":"216196257331372705","name":"Global_Policy","enabled":true,"description":"The
        rules in this policy set are executed first.","policyType":"1","sorted":true}'
    headers:
      cache-control:
      - no-store
      content-encoding:
      - gzip
      content-security-policy:
      - default-src 'none'; upgrade-insecure-requests
      content-type:
      - application/json;charset=utf-8
      date:
      - Fri, 05 Dec 2025 23:22:28 GMT
      expires:
      - Thu, 01 Jan 1970 00:00:00 GMT
      pragma:
      - no-cache
      referrer-policy:
      - strict-origin-when-cross-origin
      server:
      - Zscaler
      strict-transport-security:
      - max-age=31536000; includeSubDomains; preload
      transfer-encoding:
      - chunked
      vary:
      - Origin,Access-Control-Request-Method,Access-Control-Request-Headers, Accept-Encoding
      x-content-type-options:
      - nosniff
      x-envoy-upstream-service-time:
      - '32'
      x-frame-options:
      - DENY
      x-oneapi-host:
      - https://apiusw2.zsapi.net
      x-oneapi-request-id:
      - 19e0d761-ee15-9268-adf9-2b12c96f12d5
      x-oneapi-version:
      - 109.1.92
      x-ratelimit-limit:
      - 5000, 5000;w=60
      x-ratelimit-remaining:
      - '4935'
      x-ratelimit-reset:
      - '32'
      x-transaction-id:
      - 637a137c-e94b-41e5-823b-19fc15cbf8a0
      x-xss-protection:
      - '0'
    status:
      code: 200
      message: OK
- request:
    body: '{}'
    headers:
      Accept:
      - application/json
      Accept-Encoding:
      - gzip, deflate
      Connection:
      - keep-alive
      Content-Length:
      - '2'
      Content-Type:
      - application/json
      User-Agent:
      - zscaler-sdk-python/2.0.0 python/3.11.8 Darwin/24.6.0
    method: DELETE
    uri: https://easm.test.zscaler.com/zpa/mgmtconfig/v1/admin/customers/216196257331281920/policySet/216196257331281925/rule/216196257331395878
  response:
    body:
      string: ''
    headers:
      cache-control:
      - no-store
      content-security-policy:
      - default-src 'none'; upgrade-insecure-requests
      date:
      - Fri, 05 Dec 2025 23:22:28 GMT
      expires:
      - Thu, 01 Jan 1970 00:00:00 GMT
      pragma:
      - no-cache
      referrer-policy:
      - strict-origin-when-cross-origin
      server:
      - Zscaler
      strict-transport-security:
      - max-age=31536000; includeSubDomains; preload
      vary:
      - Origin,Access-Control-Request-Method,Access-Control-Request-Headers, Accept-Encoding
      x-content-type-options:
      - nosniff
      x-envoy-upstream-service-time:
      - '59'
      x-frame-options:
      - DENY
      x-oneapi-host:
      - https://apiusw2.zsapi.net
      x-oneapi-request-id:
      - 14aa5666-52df-9740-98c3-0a2b207b3d0d
      x-oneapi-version:
      - 109.1.92
      x-ratelimit-limit:
      - 5000, 5000;w=60
      x-ratelimit-remaining:
      - '4934'
      x-ratelimit-reset:
      - '32'
      x-transaction-id:
      - 637a137c-e94b-41e5-823b-19fc15cbf8a0
      x-xss-protection:
      - '0'
    status:
      code: 204
      message: No Content
- request:
    body: '{}'
    headers:
      Accept:
      - application/json
      Accept-Encoding:
      - gzip, deflate
      Connection:
      - keep-alive
      Content-Length:
      - '2'
      Content-Type:
      - application/json
      User-Agent:
      - zscaler-sdk-python/2.0.0 python/3.11.8 Darwin/24.6.0
    method: GET
    uri: https://easm.test.zscaler.com/zpa/mgmtconfig/v1/admin/customers/216196257331281920/policySet/policyType/ACCESS_POLICY
  response:
    body:
      string: '{"id":"216196257331281925","modifiedTime":"1764976948","creationTime":"1619672239","modifiedBy":"216196257331372705","name":"Global_Policy","enabled":true,"description":"The
        rules in this policy set are executed first.","policyType":"1","sorted":true}'
    headers:
      cache-control:
      - no-store
      content-encoding:
      - gzip
      content-security-policy:
      - default-src 'none'; upgrade-insecure-requests
      content-type:
      - application/json;charset=utf-8
      date:
      - Fri, 05 Dec 2025 23:22:29 GMT
      expires:
      - Thu, 01 Jan 1970 00:00:00 GMT
      pragma:
      - no-cache
      referrer-policy:
      - strict-origin-when-cross-origin
      server:
      - Zscaler
      strict-transport-security:
      - max-age=31536000; includeSubDomains; preload
      transfer-encoding:
      - chunked
      vary:
      - Origin,Access-Control-Request-Method,Access-Control-Request-Headers, Accept-Encoding
      x-content-type-options:
      - nosniff
      x-envoy-upstream-service-time:
      - '32'
      x-frame-options:
      - DENY
      x-oneapi-host:
      - https://apiusw2.zsapi.net
      x-oneapi-request-id:
      - b936bfae-098c-920d-aa25-197ed6a0d245
      x-oneapi-version:
      - 109.1.92
      x-ratelimit-limit:
      - 5000, 5000;w=60
      x-ratelimit-remaining:
      - '4933'
      x-ratelimit-reset:
      - '31'
      x-transaction-id:
      - 637a137c-e94b-41e5-823b-19fc15cbf8a0
      x-xss-protection:
      - '0'
    status:
      code: 200
      message: OK
- request:
    body: '{}'
    headers:
      Accept:
      - application/json
      Accept-Encoding:
      - gzip, deflate
      Connection:
      - keep-alive
      Content-Length:
      - '2'
      Content-Type:
      - application/json
      User-Agent:
      - zscaler-sdk-python/2.0.0 python/3.11.8 Darwin/24.6.0
    method: DELETE
    uri: https://easm.test.zscaler.com/zpa/mgmtconfig/v1/admin/customers/216196257331281920/policySet/216196257331281925/rule/216196257331395879
  response:
    body:
      string: ''
    headers:
      cache-control:
      - no-store
      content-security-policy:
      - default-src 'none'; upgrade-insecure-requests
      date:
      - Fri, 05 Dec 2025 23:22:29 GMT
      expires:
      - Thu, 01 Jan 1970 00:00:00 GMT
      pragma:
      - no-cache
      referrer-policy:
      - strict-origin-when-cross-origin
      server:
      - Zscaler
      strict-transport-security:
      - max-age=31536000; includeSubDomains; preload
      vary:
      - Origin,Access-Control-Request-Method,Access-Control-Request-Headers, Accept-Encoding
      x-content-type-options:
      - nosniff
      x-envoy-upstream-service-time:
      - '46'
      x-frame-options:
      - DENY
      x-oneapi-host:
      - https://apiusw2.zsapi.net
      x-oneapi-request-id:
      - f55f2499-a571-99d3-91e7-8664e424df12
      x-oneapi-version:
      - 109.1.92
      x-ratelimit-limit:
      - 5000, 5000;w=60
      x-ratelimit-remaining:
      - '4932'
      x-ratelimit-reset:
      - '31'
      x-transaction-id:
      - 637a137c-e94b-41e5-823b-19fc15cbf8a0
      x-xss-protection:
      - '0'
    status:
      code: 204
      message: No Content
version: 1
