interactions:
- request:
    body: '{"name": "tests-appseg-vcr0001", "description": "tests-appseg-vcr0002",
      "enabled": true, "latitude": "37.33874", "longitude": "-121.8852525", "location":
      "San Jose, CA, USA", "upgradeDay": "SUNDAY", "upgradeTimeInSecs": "66600", "overrideVersionProfile":
      true, "versionProfileName": "Default", "versionProfileId": "0", "dnsQueryType":
      "IPV4_IPV6", "praEnabled": true, "tcpQuickAckApp": true, "tcpQuickAckAssistant":
      true, "tcpQuickAckReadAssistant": true}'
    headers:
      Accept:
      - application/json
      Accept-Encoding:
      - gzip, deflate
      Connection:
      - keep-alive
      Content-Length:
      - '455'
      Content-Type:
      - application/json
      User-Agent:
      - zscaler-sdk-python/2.0.0 python/3.11.8 Darwin/24.6.0
    method: POST
    uri: https://easm.test.zscaler.com/zpa/mgmtconfig/v1/admin/customers/216196257331281920/appConnectorGroup
  response:
    body:
      string: '{"id":"216196257331395892","modifiedTime":"1764976970","creationTime":"1764976970","modifiedBy":"216196257331372705","name":"tests-appseg-vcr0001","enabled":true,"description":"tests-appseg-vcr0002","versionProfileId":"0","overrideVersionProfile":true,"versionProfileName":"Default","upgradeTimeInSecs":"66600","upgradeDay":"SUNDAY","location":"San
        Jose, CA, USA","latitude":"37.33874","longitude":"-121.8852525","dnsQueryType":"IPV4_IPV6","cityCountry":"San
        Jose, US","countryCode":"US","tcpQuickAckApp":true,"tcpQuickAckAssistant":true,"tcpQuickAckReadAssistant":true,"praEnabled":true,"useInDrMode":false,"connectorGroupType":"APP","wafDisabled":false,"readOnly":false,"zscalerManaged":false,"lssAppConnectorGroup":false}'
    headers:
      cache-control:
      - no-store
      content-encoding:
      - gzip
      content-security-policy:
      - default-src 'none'; upgrade-insecure-requests
      content-type:
      - application/json;charset=utf-8
      date:
      - Fri, 05 Dec 2025 23:22:50 GMT
      expires:
      - Thu, 01 Jan 1970 00:00:00 GMT
      pragma:
      - no-cache
      referrer-policy:
      - strict-origin-when-cross-origin
      server:
      - Zscaler
      strict-transport-security:
      - max-age=31536000; includeSubDomains; preload
      transfer-encoding:
      - chunked
      vary:
      - Origin,Access-Control-Request-Method,Access-Control-Request-Headers, Accept-Encoding
      x-content-type-options:
      - nosniff
      x-envoy-upstream-service-time:
      - '171'
      x-frame-options:
      - DENY
      x-oneapi-host:
      - https://apiusw2.zsapi.net
      x-oneapi-request-id:
      - bbfd0a85-ec35-949c-9489-f940e260760d
      x-oneapi-version:
      - 109.1.92
      x-ratelimit-limit:
      - 5000, 5000;w=60
      x-ratelimit-remaining:
      - '4835'
      x-ratelimit-reset:
      - '10'
      x-transaction-id:
      - 637a137c-e94b-41e5-823b-19fc15cbf8a0
      x-xss-protection:
      - '0'
    status:
      code: 201
      message: Created
- request:
    body: '{"name": "tests-appseg-vcr0003", "enabled": true}'
    headers:
      Accept:
      - application/json
      Accept-Encoding:
      - gzip, deflate
      Connection:
      - keep-alive
      Content-Length:
      - '49'
      Content-Type:
      - application/json
      User-Agent:
      - zscaler-sdk-python/2.0.0 python/3.11.8 Darwin/24.6.0
    method: POST
    uri: https://easm.test.zscaler.com/zpa/mgmtconfig/v1/admin/customers/216196257331281920/segmentGroup
  response:
    body:
      string: '{"id":"216196257331395893","modifiedTime":"1764976970","creationTime":"1764976970","modifiedBy":"216196257331372705","name":"tests-appseg-vcr0003","enabled":true,"configSpace":"DEFAULT","tcpKeepAliveEnabled":"0"}'
    headers:
      cache-control:
      - no-store
      content-encoding:
      - gzip
      content-security-policy:
      - default-src 'none'; upgrade-insecure-requests
      content-type:
      - application/json;charset=utf-8
      date:
      - Fri, 05 Dec 2025 23:22:50 GMT
      expires:
      - Thu, 01 Jan 1970 00:00:00 GMT
      pragma:
      - no-cache
      referrer-policy:
      - strict-origin-when-cross-origin
      server:
      - Zscaler
      strict-transport-security:
      - max-age=31536000; includeSubDomains; preload
      transfer-encoding:
      - chunked
      vary:
      - Origin,Access-Control-Request-Method,Access-Control-Request-Headers, Accept-Encoding
      x-content-type-options:
      - nosniff
      x-envoy-upstream-service-time:
      - '63'
      x-frame-options:
      - DENY
      x-oneapi-host:
      - https://apiusw2.zsapi.net
      x-oneapi-request-id:
      - 0a7583a4-1ed8-9e53-8e03-6082d0e70058
      x-oneapi-version:
      - 109.1.92
      x-ratelimit-limit:
      - 5000, 5000;w=60
      x-ratelimit-remaining:
      - '4834'
      x-ratelimit-reset:
      - '10'
      x-transaction-id:
      - 637a137c-e94b-41e5-823b-19fc15cbf8a0
      x-xss-protection:
      - '0'
    status:
      code: 201
      message: Created
- request:
    body: '{"name": "tests-appseg-vcr0004", "description": "tests-appseg-vcr0005",
      "dynamicDiscovery": true, "appConnectorGroups": [{"id": "216196257331395892"}]}'
    headers:
      Accept:
      - application/json
      Accept-Encoding:
      - gzip, deflate
      Connection:
      - keep-alive
      Content-Length:
      - '151'
      Content-Type:
      - application/json
      User-Agent:
      - zscaler-sdk-python/2.0.0 python/3.11.8 Darwin/24.6.0
    method: POST
    uri: https://easm.test.zscaler.com/zpa/mgmtconfig/v1/admin/customers/216196257331281920/serverGroup
  response:
    body:
      string: '{"id":"216196257331395894","name":"tests-appseg-vcr0004","description":"tests-appseg-vcr0005","ipAnchored":false,"configSpace":"DEFAULT","extranetEnabled":false,"dynamicDiscovery":true,"appConnectorGroups":[{"id":"216196257331395892","name":"tests-appseg-vcr0001","useInDrMode":false,"connectorGroupType":"APP","wafDisabled":false,"lssAppConnectorGroup":false}]}'
    headers:
      cache-control:
      - no-store
      content-encoding:
      - gzip
      content-security-policy:
      - default-src 'none'; upgrade-insecure-requests
      content-type:
      - application/json;charset=utf-8
      date:
      - Fri, 05 Dec 2025 23:22:50 GMT
      expires:
      - Thu, 01 Jan 1970 00:00:00 GMT
      pragma:
      - no-cache
      referrer-policy:
      - strict-origin-when-cross-origin
      server:
      - Zscaler
      strict-transport-security:
      - max-age=31536000; includeSubDomains; preload
      transfer-encoding:
      - chunked
      vary:
      - Origin,Access-Control-Request-Method,Access-Control-Request-Headers, Accept-Encoding
      x-content-type-options:
      - nosniff
      x-envoy-upstream-service-time:
      - '85'
      x-frame-options:
      - DENY
      x-oneapi-host:
      - https://apiusw2.zsapi.net
      x-oneapi-request-id:
      - 4b8105d4-ff14-91ca-a47b-0238bcf4fc4c
      x-oneapi-version:
      - 109.1.92
      x-ratelimit-limit:
      - 5000, 5000;w=60
      x-ratelimit-remaining:
      - '4833'
      x-ratelimit-reset:
      - '10'
      x-transaction-id:
      - 637a137c-e94b-41e5-823b-19fc15cbf8a0
      x-xss-protection:
      - '0'
    status:
      code: 201
      message: Created
- request:
    body: '{"name": "tests-appsegment-vcr0006.bd-redhat.com", "description": "tests-appsegment-vcr0006.bd-redhat.com",
      "enabled": true, "domainNames": ["tests-appsegment-vcr0006.bd-redhat.com"],
      "segmentGroupId": "216196257331395893", "serverGroups": [{"id": "216196257331395894"}],
      "tcpPortRanges": ["9001", "9001"]}'
    headers:
      Accept:
      - application/json
      Accept-Encoding:
      - gzip, deflate
      Connection:
      - keep-alive
      Content-Length:
      - '306'
      Content-Type:
      - application/json
      User-Agent:
      - zscaler-sdk-python/2.0.0 python/3.11.8 Darwin/24.6.0
    method: POST
    uri: https://easm.test.zscaler.com/zpa/mgmtconfig/v1/admin/customers/216196257331281920/application
  response:
    body:
      string: '{"id":"216196257331395895","domainNames":["tests-appsegment-vcr0006.bd-redhat.com"],"name":"tests-appsegment-vcr0006.bd-redhat.com","description":"tests-appsegment-vcr0006.bd-redhat.com","serverGroups":[{"id":"216196257331395894","enabled":false,"configSpace":"DEFAULT","extranetEnabled":false,"dynamicDiscovery":false}],"enabled":true,"passiveHealthEnabled":true,"tcpPortRanges":["9001","9001"],"doubleEncrypt":false,"configSpace":"DEFAULT","bypassType":"NEVER","healthCheckType":"DEFAULT","icmpAccessType":"NONE","isCnameEnabled":true,"ipAnchored":false,"bypassOnReauth":false,"inspectTrafficWithZia":false,"tcpKeepAlive":"0","matchStyle":"EXCLUSIVE","isIncompleteDRConfig":false,"adpEnabled":false,"autoAppProtectEnabled":false,"apiProtectionEnabled":false,"fqdnDnsCheck":false,"weightedLoadBalancing":false,"extranetEnabled":false,"segmentGroupId":"216196257331395893"}'
    headers:
      cache-control:
      - no-store
      content-encoding:
      - gzip
      content-security-policy:
      - default-src 'none'; upgrade-insecure-requests
      content-type:
      - application/json;charset=utf-8
      date:
      - Fri, 05 Dec 2025 23:22:51 GMT
      expires:
      - Thu, 01 Jan 1970 00:00:00 GMT
      pragma:
      - no-cache
      referrer-policy:
      - strict-origin-when-cross-origin
      server:
      - Zscaler
      strict-transport-security:
      - max-age=31536000; includeSubDomains; preload
      transfer-encoding:
      - chunked
      vary:
      - Origin,Access-Control-Request-Method,Access-Control-Request-Headers, Accept-Encoding
      x-content-type-options:
      - nosniff
      x-envoy-upstream-service-time:
      - '301'
      x-frame-options:
      - DENY
      x-oneapi-host:
      - https://apiusw2.zsapi.net
      x-oneapi-request-id:
      - 7a02e993-ea4d-9074-a1e3-d08de4806a9f
      x-oneapi-version:
      - 109.1.92
      x-ratelimit-limit:
      - 5000, 5000;w=60
      x-ratelimit-remaining:
      - '4832'
      x-ratelimit-reset:
      - '10'
      x-transaction-id:
      - 637a137c-e94b-41e5-823b-19fc15cbf8a0
      x-xss-protection:
      - '0'
    status:
      code: 201
      message: Created
- request:
    body: '{}'
    headers:
      Accept:
      - application/json
      Accept-Encoding:
      - gzip, deflate
      Connection:
      - keep-alive
      Content-Length:
      - '2'
      Content-Type:
      - application/json
      User-Agent:
      - zscaler-sdk-python/2.0.0 python/3.11.8 Darwin/24.6.0
    method: GET
    uri: https://easm.test.zscaler.com/zpa/mgmtconfig/v1/admin/customers/216196257331281920/application?search=name%2BEQ%2Btests-appsegment-vcr0006.bd-redhat.com
  response:
    body:
      string: '{"totalPages":"1","totalCount":"1","list":[{"modifiedTime":"1764976970","creationTime":"1764976970","modifiedBy":"216196257331372705","id":"216196257331395895","domainNames":["tests-appsegment-vcr0006.bd-redhat.com"],"name":"tests-appsegment-vcr0006.bd-redhat.com","description":"tests-appsegment-vcr0006.bd-redhat.com","serverGroups":[{"id":"216196257331395894","modifiedTime":"1764976970","creationTime":"1764976970","modifiedBy":"216196257331372705","name":"tests-appseg-vcr0004","enabled":false,"description":"tests-appseg-vcr0005","configSpace":"DEFAULT","extranetEnabled":false,"dynamicDiscovery":true}],"enabled":true,"passiveHealthEnabled":true,"tcpPortRanges":["9001","9001"],"tcpPortRange":[{"from":"9001","to":"9001"}],"doubleEncrypt":false,"configSpace":"DEFAULT","bypassType":"NEVER","healthCheckType":"DEFAULT","icmpAccessType":"NONE","isCnameEnabled":true,"ipAnchored":false,"bypassOnReauth":false,"inspectTrafficWithZia":false,"healthReporting":"ON_ACCESS","useInDrMode":false,"tcpKeepAlive":"0","selectConnectorCloseToApp":false,"matchStyle":"EXCLUSIVE","isIncompleteDRConfig":false,"adpEnabled":false,"autoAppProtectEnabled":false,"apiProtectionEnabled":false,"fqdnDnsCheck":false,"weightedLoadBalancing":false,"extranetEnabled":false,"policyStyle":"NONE","readOnly":false,"zscalerManaged":false,"microtenantName":"Default","segmentGroupId":"216196257331395893","segmentGroupName":"tests-appseg-vcr0003"}]}'
    headers:
      cache-control:
      - no-store
      content-encoding:
      - gzip
      content-security-policy:
      - default-src 'none'; upgrade-insecure-requests
      content-type:
      - application/json;charset=utf-8
      date:
      - Fri, 05 Dec 2025 23:22:53 GMT
      expires:
      - Thu, 01 Jan 1970 00:00:00 GMT
      pragma:
      - no-cache
      referrer-policy:
      - strict-origin-when-cross-origin
      server:
      - Zscaler
      strict-transport-security:
      - max-age=31536000; includeSubDomains; preload
      transfer-encoding:
      - chunked
      vary:
      - Origin,Access-Control-Request-Method,Access-Control-Request-Headers, Accept-Encoding
      x-content-type-options:
      - nosniff
      x-envoy-upstream-service-time:
      - '61'
      x-frame-options:
      - DENY
      x-oneapi-host:
      - https://apiusw2.zsapi.net
      x-oneapi-request-id:
      - 13599003-b1c8-9db7-80ea-e0499fd3440a
      x-oneapi-version:
      - 109.1.92
      x-ratelimit-limit:
      - 5000, 5000;w=60
      x-ratelimit-remaining:
      - '4831'
      x-ratelimit-reset:
      - '7'
      x-transaction-id:
      - 637a137c-e94b-41e5-823b-19fc15cbf8a0
      x-xss-protection:
      - '0'
    status:
      code: 200
      message: OK
- request:
    body: '{}'
    headers:
      Accept:
      - application/json
      Accept-Encoding:
      - gzip, deflate
      Connection:
      - keep-alive
      Content-Length:
      - '2'
      Content-Type:
      - application/json
      User-Agent:
      - zscaler-sdk-python/2.0.0 python/3.11.8 Darwin/24.6.0
    method: GET
    uri: https://easm.test.zscaler.com/zpa/mgmtconfig/v1/admin/customers/216196257331281920/application/216196257331395895
  response:
    body:
      string: '{"modifiedTime":"1764976970","creationTime":"1764976970","modifiedBy":"216196257331372705","id":"216196257331395895","domainNames":["tests-appsegment-vcr0006.bd-redhat.com"],"name":"tests-appsegment-vcr0006.bd-redhat.com","description":"tests-appsegment-vcr0006.bd-redhat.com","serverGroups":[{"id":"216196257331395894","modifiedTime":"1764976970","creationTime":"1764976970","modifiedBy":"216196257331372705","name":"tests-appseg-vcr0004","enabled":false,"description":"tests-appseg-vcr0005","configSpace":"DEFAULT","weight":"0","passive":false,"extranetEnabled":false,"dynamicDiscovery":true}],"enabled":true,"passiveHealthEnabled":true,"tcpPortRanges":["9001","9001"],"tcpPortRange":[{"from":"9001","to":"9001"}],"doubleEncrypt":false,"configSpace":"DEFAULT","bypassType":"NEVER","healthCheckType":"DEFAULT","icmpAccessType":"NONE","isCnameEnabled":true,"ipAnchored":false,"bypassOnReauth":false,"inspectTrafficWithZia":false,"healthReporting":"ON_ACCESS","useInDrMode":false,"tcpKeepAlive":"0","selectConnectorCloseToApp":false,"matchStyle":"EXCLUSIVE","isIncompleteDRConfig":false,"adpEnabled":false,"autoAppProtectEnabled":false,"apiProtectionEnabled":false,"fqdnDnsCheck":false,"weightedLoadBalancing":false,"extranetEnabled":false,"policyStyle":"NONE","readOnly":false,"zscalerManaged":false,"microtenantName":"Default","segmentGroupId":"216196257331395893","segmentGroupName":"tests-appseg-vcr0003"}'
    headers:
      cache-control:
      - no-store
      content-encoding:
      - gzip
      content-security-policy:
      - default-src 'none'; upgrade-insecure-requests
      content-type:
      - application/json;charset=utf-8
      date:
      - Fri, 05 Dec 2025 23:22:53 GMT
      expires:
      - Thu, 01 Jan 1970 00:00:00 GMT
      pragma:
      - no-cache
      referrer-policy:
      - strict-origin-when-cross-origin
      server:
      - Zscaler
      strict-transport-security:
      - max-age=31536000; includeSubDomains; preload
      transfer-encoding:
      - chunked
      vary:
      - Origin,Access-Control-Request-Method,Access-Control-Request-Headers, Accept-Encoding
      x-content-type-options:
      - nosniff
      x-envoy-upstream-service-time:
      - '65'
      x-frame-options:
      - DENY
      x-oneapi-host:
      - https://apiusw2.zsapi.net
      x-oneapi-request-id:
      - b200d169-7005-9a9f-8113-08df795212e8
      x-oneapi-version:
      - 109.1.92
      x-ratelimit-limit:
      - 5000, 5000;w=60
      x-ratelimit-remaining:
      - '4830'
      x-ratelimit-reset:
      - '7'
      x-transaction-id:
      - 637a137c-e94b-41e5-823b-19fc15cbf8a0
      x-xss-protection:
      - '0'
    status:
      code: 200
      message: OK
- request:
    body: '{"name": "tests-appsegment-vcr0006.bd-redhat.com", "description": "Updated
      vcr0007", "enabled": true, "domainNames": ["tests-appsegment-vcr0006.bd-redhat.com"],
      "segmentGroupId": "216196257331395893", "serverGroups": [{"id": "216196257331395894"}],
      "tcpPortRanges": ["9002", "9002"], "tcpPortRange": [], "udpPortRanges": [],
      "udpPortRange": []}'
    headers:
      Accept:
      - application/json
      Accept-Encoding:
      - gzip, deflate
      Connection:
      - keep-alive
      Content-Length:
      - '344'
      Content-Type:
      - application/json
      User-Agent:
      - zscaler-sdk-python/2.0.0 python/3.11.8 Darwin/24.6.0
    method: PUT
    uri: https://easm.test.zscaler.com/zpa/mgmtconfig/v1/admin/customers/216196257331281920/application/216196257331395895
  response:
    body:
      string: ''
    headers:
      cache-control:
      - no-store
      content-security-policy:
      - default-src 'none'; upgrade-insecure-requests
      date:
      - Fri, 05 Dec 2025 23:22:53 GMT
      expires:
      - Thu, 01 Jan 1970 00:00:00 GMT
      pragma:
      - no-cache
      referrer-policy:
      - strict-origin-when-cross-origin
      server:
      - Zscaler
      strict-transport-security:
      - max-age=31536000; includeSubDomains; preload
      vary:
      - Origin,Access-Control-Request-Method,Access-Control-Request-Headers, Accept-Encoding
      x-content-type-options:
      - nosniff
      x-envoy-upstream-service-time:
      - '299'
      x-frame-options:
      - DENY
      x-oneapi-host:
      - https://apiusw2.zsapi.net
      x-oneapi-request-id:
      - 3015717e-51da-94a1-bfdf-547f468b4261
      x-oneapi-version:
      - 109.1.92
      x-ratelimit-limit:
      - 5000, 5000;w=60
      x-ratelimit-remaining:
      - '4829'
      x-ratelimit-reset:
      - '7'
      x-transaction-id:
      - 637a137c-e94b-41e5-823b-19fc15cbf8a0
      x-xss-protection:
      - '0'
    status:
      code: 204
      message: No Content
- request:
    body: '{}'
    headers:
      Accept:
      - application/json
      Accept-Encoding:
      - gzip, deflate
      Connection:
      - keep-alive
      Content-Length:
      - '2'
      Content-Type:
      - application/json
      User-Agent:
      - zscaler-sdk-python/2.0.0 python/3.11.8 Darwin/24.6.0
    method: GET
    uri: https://easm.test.zscaler.com/zpa/mgmtconfig/v1/admin/customers/216196257331281920/application/216196257331395895
  response:
    body:
      string: '{"modifiedTime":"1764976973","creationTime":"1764976970","modifiedBy":"216196257331372705","id":"216196257331395895","domainNames":["tests-appsegment-vcr0006.bd-redhat.com"],"name":"tests-appsegment-vcr0006.bd-redhat.com","description":"Updated
        vcr0007","serverGroups":[{"id":"216196257331395894","modifiedTime":"1764976970","creationTime":"1764976970","modifiedBy":"216196257331372705","name":"tests-appseg-vcr0004","enabled":false,"description":"tests-appseg-vcr0005","configSpace":"DEFAULT","weight":"0","passive":false,"extranetEnabled":false,"dynamicDiscovery":true}],"enabled":true,"passiveHealthEnabled":true,"tcpPortRanges":["9002","9002"],"tcpPortRange":[{"from":"9002","to":"9002"}],"doubleEncrypt":false,"configSpace":"DEFAULT","bypassType":"NEVER","healthCheckType":"DEFAULT","icmpAccessType":"NONE","isCnameEnabled":true,"ipAnchored":false,"bypassOnReauth":false,"inspectTrafficWithZia":false,"healthReporting":"ON_ACCESS","useInDrMode":false,"tcpKeepAlive":"0","selectConnectorCloseToApp":false,"matchStyle":"EXCLUSIVE","isIncompleteDRConfig":false,"adpEnabled":false,"autoAppProtectEnabled":false,"apiProtectionEnabled":false,"fqdnDnsCheck":false,"weightedLoadBalancing":false,"extranetEnabled":false,"policyStyle":"NONE","readOnly":false,"zscalerManaged":false,"microtenantName":"Default","segmentGroupId":"216196257331395893","segmentGroupName":"tests-appseg-vcr0003"}'
    headers:
      cache-control:
      - no-store
      content-encoding:
      - gzip
      content-security-policy:
      - default-src 'none'; upgrade-insecure-requests
      content-type:
      - application/json;charset=utf-8
      date:
      - Fri, 05 Dec 2025 23:22:53 GMT
      expires:
      - Thu, 01 Jan 1970 00:00:00 GMT
      pragma:
      - no-cache
      referrer-policy:
      - strict-origin-when-cross-origin
      server:
      - Zscaler
      strict-transport-security:
      - max-age=31536000; includeSubDomains; preload
      transfer-encoding:
      - chunked
      vary:
      - Origin,Access-Control-Request-Method,Access-Control-Request-Headers, Accept-Encoding
      x-content-type-options:
      - nosniff
      x-envoy-upstream-service-time:
      - '62'
      x-frame-options:
      - DENY
      x-oneapi-host:
      - https://apiusw2.zsapi.net
      x-oneapi-request-id:
      - f5dd3c3d-0d85-9669-9e47-d1c8de0b0752
      x-oneapi-version:
      - 109.1.92
      x-ratelimit-limit:
      - 5000, 5000;w=60
      x-ratelimit-remaining:
      - '4828'
      x-ratelimit-reset:
      - '7'
      x-transaction-id:
      - 637a137c-e94b-41e5-823b-19fc15cbf8a0
      x-xss-protection:
      - '0'
    status:
      code: 200
      message: OK
- request:
    body: '{}'
    headers:
      Accept:
      - application/json
      Accept-Encoding:
      - gzip, deflate
      Connection:
      - keep-alive
      Content-Length:
      - '2'
      Content-Type:
      - application/json
      User-Agent:
      - zscaler-sdk-python/2.0.0 python/3.11.8 Darwin/24.6.0
    method: DELETE
    uri: https://easm.test.zscaler.com/zpa/mgmtconfig/v1/admin/customers/216196257331281920/application/216196257331395895?forceDelete=true
  response:
    body:
      string: ''
    headers:
      cache-control:
      - no-store
      content-security-policy:
      - default-src 'none'; upgrade-insecure-requests
      date:
      - Fri, 05 Dec 2025 23:22:54 GMT
      expires:
      - Thu, 01 Jan 1970 00:00:00 GMT
      pragma:
      - no-cache
      referrer-policy:
      - strict-origin-when-cross-origin
      server:
      - Zscaler
      strict-transport-security:
      - max-age=31536000; includeSubDomains; preload
      vary:
      - Origin,Access-Control-Request-Method,Access-Control-Request-Headers, Accept-Encoding
      x-content-type-options:
      - nosniff
      x-envoy-upstream-service-time:
      - '60'
      x-frame-options:
      - DENY
      x-oneapi-host:
      - https://apiusw2.zsapi.net
      x-oneapi-request-id:
      - dd4d836c-1a11-9442-be32-28594e963b8d
      x-oneapi-version:
      - 109.1.92
      x-ratelimit-limit:
      - 5000, 5000;w=60
      x-ratelimit-remaining:
      - '4827'
      x-ratelimit-reset:
      - '6'
      x-transaction-id:
      - 637a137c-e94b-41e5-823b-19fc15cbf8a0
      x-xss-protection:
      - '0'
    status:
      code: 204
      message: No Content
- request:
    body: '{}'
    headers:
      Accept:
      - application/json
      Accept-Encoding:
      - gzip, deflate
      Connection:
      - keep-alive
      Content-Length:
      - '2'
      Content-Type:
      - application/json
      User-Agent:
      - zscaler-sdk-python/2.0.0 python/3.11.8 Darwin/24.6.0
    method: DELETE
    uri: https://easm.test.zscaler.com/zpa/mgmtconfig/v1/admin/customers/216196257331281920/serverGroup/216196257331395894
  response:
    body:
      string: ''
    headers:
      cache-control:
      - no-store
      content-security-policy:
      - default-src 'none'; upgrade-insecure-requests
      date:
      - Fri, 05 Dec 2025 23:22:54 GMT
      expires:
      - Thu, 01 Jan 1970 00:00:00 GMT
      pragma:
      - no-cache
      referrer-policy:
      - strict-origin-when-cross-origin
      server:
      - Zscaler
      strict-transport-security:
      - max-age=31536000; includeSubDomains; preload
      vary:
      - Origin,Access-Control-Request-Method,Access-Control-Request-Headers, Accept-Encoding
      x-content-type-options:
      - nosniff
      x-envoy-upstream-service-time:
      - '49'
      x-frame-options:
      - DENY
      x-oneapi-host:
      - https://apiusw2.zsapi.net
      x-oneapi-request-id:
      - 809360f4-a5de-9d55-b7c8-60f19fe79d9d
      x-oneapi-version:
      - 109.1.92
      x-ratelimit-limit:
      - 5000, 5000;w=60
      x-ratelimit-remaining:
      - '4826'
      x-ratelimit-reset:
      - '6'
      x-transaction-id:
      - 637a137c-e94b-41e5-823b-19fc15cbf8a0
      x-xss-protection:
      - '0'
    status:
      code: 204
      message: No Content
- request:
    body: '{}'
    headers:
      Accept:
      - application/json
      Accept-Encoding:
      - gzip, deflate
      Connection:
      - keep-alive
      Content-Length:
      - '2'
      Content-Type:
      - application/json
      User-Agent:
      - zscaler-sdk-python/2.0.0 python/3.11.8 Darwin/24.6.0
    method: DELETE
    uri: https://easm.test.zscaler.com/zpa/mgmtconfig/v1/admin/customers/216196257331281920/appConnectorGroup/216196257331395892
  response:
    body:
      string: ''
    headers:
      cache-control:
      - no-store
      content-security-policy:
      - default-src 'none'; upgrade-insecure-requests
      date:
      - Fri, 05 Dec 2025 23:22:54 GMT
      expires:
      - Thu, 01 Jan 1970 00:00:00 GMT
      pragma:
      - no-cache
      referrer-policy:
      - strict-origin-when-cross-origin
      server:
      - Zscaler
      strict-transport-security:
      - max-age=31536000; includeSubDomains; preload
      vary:
      - Origin,Access-Control-Request-Method,Access-Control-Request-Headers, Accept-Encoding
      x-content-type-options:
      - nosniff
      x-envoy-upstream-service-time:
      - '60'
      x-frame-options:
      - DENY
      x-oneapi-host:
      - https://apiusw2.zsapi.net
      x-oneapi-request-id:
      - deba755c-2ce2-90e3-ae66-73916341b508
      x-oneapi-version:
      - 109.1.92
      x-ratelimit-limit:
      - 5000, 5000;w=60
      x-ratelimit-remaining:
      - '4825'
      x-ratelimit-reset:
      - '6'
      x-transaction-id:
      - 637a137c-e94b-41e5-823b-19fc15cbf8a0
      x-xss-protection:
      - '0'
    status:
      code: 204
      message: No Content
- request:
    body: '{}'
    headers:
      Accept:
      - application/json
      Accept-Encoding:
      - gzip, deflate
      Connection:
      - keep-alive
      Content-Length:
      - '2'
      Content-Type:
      - application/json
      User-Agent:
      - zscaler-sdk-python/2.0.0 python/3.11.8 Darwin/24.6.0
    method: DELETE
    uri: https://easm.test.zscaler.com/zpa/mgmtconfig/v1/admin/customers/216196257331281920/segmentGroup/216196257331395893
  response:
    body:
      string: ''
    headers:
      cache-control:
      - no-store
      content-security-policy:
      - default-src 'none'; upgrade-insecure-requests
      date:
      - Fri, 05 Dec 2025 23:22:54 GMT
      expires:
      - Thu, 01 Jan 1970 00:00:00 GMT
      pragma:
      - no-cache
      referrer-policy:
      - strict-origin-when-cross-origin
      server:
      - Zscaler
      strict-transport-security:
      - max-age=31536000; includeSubDomains; preload
      vary:
      - Origin,Access-Control-Request-Method,Access-Control-Request-Headers, Accept-Encoding
      x-content-type-options:
      - nosniff
      x-envoy-upstream-service-time:
      - '60'
      x-frame-options:
      - DENY
      x-oneapi-host:
      - https://apiusw2.zsapi.net
      x-oneapi-request-id:
      - c2887396-e3e0-9c6f-bf19-4442ed210559
      x-oneapi-version:
      - 109.1.92
      x-ratelimit-limit:
      - 5000, 5000;w=60
      x-ratelimit-remaining:
      - '4824'
      x-ratelimit-reset:
      - '6'
      x-transaction-id:
      - 637a137c-e94b-41e5-823b-19fc15cbf8a0
      x-xss-protection:
      - '0'
    status:
      code: 204
      message: No Content
version: 1
